<html>
<body>
<pre>
<h1>µVision Build Log</h1>
<h2>Tool Versions:</h2>
IDE-Version: ¦ÌVision V5.20.0.0
Copyright (C) 2016 ARM Ltd and ARM Germany GmbH. All rights reserved.
License Information: l ljj, zgz, LIC=----
 
Tool Versions:
Toolchain:       MDK-Lite  Version: 5.20
Toolchain Path:  D:\Keil_v5\ARM\ARMCC\Bin
C Compiler:      Armcc.exe V5.06 update 2 (build 183)
Assembler:       Armasm.exe V5.06 update 2 (build 183)
Linker/Locator:  ArmLink.exe V5.06 update 2 (build 183)
Library Manager: ArmAr.exe V5.06 update 2 (build 183)
Hex Converter:   FromElf.exe V5.06 update 2 (build 183)
CPU DLL:         SARMCM3.DLL V5.20
Dialog DLL:      DCM.DLL V1.13.7.0
Target DLL:      Segger\JL2CM3.dll V2.99.20.0
Dialog DLL:      TCM.DLL V1.14.9.0
 
<h2>Project:</h2>
E:\zhaoguangzai\02_Hydroves\2_PROM\ADC_software\Oxy_measure_V1\Project\RVMDK\iSO-STM32.uvprojx
Project File Date:  02/04/2024

<h2>Output:</h2>
*** Using Compiler 'V5.06 update 2 (build 183)', folder: 'D:\Keil_v5\ARM\ARMCC\Bin'
Rebuild target 'Template'
assembling startup_stm32f10x_md.s...
compiling system_stm32f10x.c...
compiling stm32f10x_exti.c...
compiling stm32f10x_spi.c...
compiling stm32f10x_bkp.c...
compiling core_cm3.c...
compiling misc.c...
compiling stm32f10x_gpio.c...
compiling stm32f10x_flash.c...
compiling stm32f10x_rcc.c...
compiling stm32f10x_tim.c...
compiling stm32f10x_usart.c...
compiling stm32f10x_adc.c...
compiling stm32f10x_dma.c...
compiling stm32f10x_it.c...
compiling bsp_TiMbase.c...
compiling bsp_usart1.c...
compiling main.c...
..\..\User\main.c(295): warning:  #550-D: variable "EXTI_InitStructure" was set but never used
  	 EXTI_InitTypeDef EXTI_InitStructure;	
..\..\User\main.c(341): warning:  #550-D: variable "FLASHstatus" was set but never used
  	FLASH_Status FLASHstatus = FLASH_COMPLETE;
..\..\User\main.c(202): warning:  #177-D: function "Delay" was declared but never referenced
  static void Delay(__IO u32 nCount); 
..\..\User\main.c: 3 warnings, 0 errors
compiling bsp_led.c...
compiling bsp_i2c_ee.c...
compiling bsp_i2c_gpio.c...
compiling w5500_conf.c...
compiling bsp_spi_flash.c...
compiling udp_demo.c...
compiling function.c...
compiling w5500.c...
compiling utility.c...
compiling socket.c...
compiling dhcp.c...
compiling Read_Write_Flash.c...
compiling ADC_acquire.c...
linking...
Program Size: Code=12928 RO-data=268 RW-data=356 ZI-data=4492  
FromELF: creating hex file...
"..\..\Output\Template.axf" - 0 Error(s), 3 Warning(s).

<h2>Software Packages used:</h2>

Package Vendor: ARM
                http://www.keil.com/pack/ARM.CMSIS.4.5.0.pack
                ARM::CMSIS:CORE:4.3.0
                CMSIS (Cortex Microcontroller Software Interface Standard)
   * Component: CORE Version: 4.3.0

<h2>Collection of Component include folders:</h2>
  E:\zhaoguangzai\02_Hydroves\2_PROM\ADC_software\Oxy_measure_V1\Project\RVMDK\RTE
  D:\Keil_v5\ARM\PACK\ARM\CMSIS\4.5.0\CMSIS\Include
  D:\Keil_v5\ARM\PACK\Keil\STM32F1xx_DFP\1.0.5\Device\Include

<h2>Collection of Component Files used:</h2>

   * Component: ARM::CMSIS:CORE:4.3.0
Build Time Elapsed:  00:00:02
</pre>
</body>
</html>
