Component: ARM Compiler 5.06 update 2 (build 183) Tool: armlink [4d35b7]

==============================================================================

Section Cross References

    startup_stm32f10x_md.o(RESET) refers to startup_stm32f10x_md.o(STACK) for __initial_sp
    startup_stm32f10x_md.o(RESET) refers to startup_stm32f10x_md.o(.text) for Reset_Handler
    startup_stm32f10x_md.o(RESET) refers to stm32f10x_it.o(i.NMI_Handler) for NMI_Handler
    startup_stm32f10x_md.o(RESET) refers to stm32f10x_it.o(i.HardFault_Handler) for HardFault_Handler
    startup_stm32f10x_md.o(RESET) refers to stm32f10x_it.o(i.MemManage_Handler) for MemManage_Handler
    startup_stm32f10x_md.o(RESET) refers to stm32f10x_it.o(i.BusFault_Handler) for BusFault_Handler
    startup_stm32f10x_md.o(RESET) refers to stm32f10x_it.o(i.UsageFault_Handler) for UsageFault_Handler
    startup_stm32f10x_md.o(RESET) refers to stm32f10x_it.o(i.SVC_Handler) for SVC_Handler
    startup_stm32f10x_md.o(RESET) refers to stm32f10x_it.o(i.DebugMon_Handler) for DebugMon_Handler
    startup_stm32f10x_md.o(RESET) refers to stm32f10x_it.o(i.PendSV_Handler) for PendSV_Handler
    startup_stm32f10x_md.o(RESET) refers to stm32f10x_it.o(i.SysTick_Handler) for SysTick_Handler
    startup_stm32f10x_md.o(RESET) refers to function.o(i.EXTI1_IRQHandler) for EXTI1_IRQHandler
    startup_stm32f10x_md.o(RESET) refers to main.o(i.EXTI9_5_IRQHandler) for EXTI9_5_IRQHandler
    startup_stm32f10x_md.o(RESET) refers to stm32f10x_it.o(i.TIM2_IRQHandler) for TIM2_IRQHandler
    startup_stm32f10x_md.o(RESET) refers to function.o(i.TIM3_IRQHandler) for TIM3_IRQHandler
    startup_stm32f10x_md.o(RESET) refers to function.o(i.TIM4_IRQHandler) for TIM4_IRQHandler
    startup_stm32f10x_md.o(RESET) refers to bsp_usart1.o(i.USART1_IRQHandler) for USART1_IRQHandler
    startup_stm32f10x_md.o(RESET) refers to bsp_usart1.o(i.USART2_IRQHandler) for USART2_IRQHandler
    startup_stm32f10x_md.o(RESET) refers to bsp_usart1.o(i.USART3_IRQHandler) for USART3_IRQHandler
    startup_stm32f10x_md.o(.text) refers to system_stm32f10x.o(i.SystemInit) for SystemInit
    startup_stm32f10x_md.o(.text) refers to entry.o(.ARM.Collect$$$$00000000) for __main
    system_stm32f10x.o(i.SetSysClock) refers to system_stm32f10x.o(i.SetSysClockTo72) for SetSysClockTo72
    system_stm32f10x.o(i.SystemCoreClockUpdate) refers to system_stm32f10x.o(.data) for SystemCoreClock
    system_stm32f10x.o(i.SystemInit) refers to system_stm32f10x.o(i.SetSysClock) for SetSysClock
    stm32f10x_bkp.o(i.BKP_DeInit) refers to stm32f10x_rcc.o(i.RCC_BackupResetCmd) for RCC_BackupResetCmd
    stm32f10x_flash.o(i.FLASH_EnableWriteProtection) refers to stm32f10x_flash.o(i.FLASH_WaitForLastOperation) for FLASH_WaitForLastOperation
    stm32f10x_flash.o(i.FLASH_EraseAllBank1Pages) refers to stm32f10x_flash.o(i.FLASH_WaitForLastBank1Operation) for FLASH_WaitForLastBank1Operation
    stm32f10x_flash.o(i.FLASH_EraseAllPages) refers to stm32f10x_flash.o(i.FLASH_WaitForLastOperation) for FLASH_WaitForLastOperation
    stm32f10x_flash.o(i.FLASH_EraseOptionBytes) refers to stm32f10x_flash.o(i.FLASH_GetReadOutProtectionStatus) for FLASH_GetReadOutProtectionStatus
    stm32f10x_flash.o(i.FLASH_EraseOptionBytes) refers to stm32f10x_flash.o(i.FLASH_WaitForLastOperation) for FLASH_WaitForLastOperation
    stm32f10x_flash.o(i.FLASH_ErasePage) refers to stm32f10x_flash.o(i.FLASH_WaitForLastOperation) for FLASH_WaitForLastOperation
    stm32f10x_flash.o(i.FLASH_ProgramHalfWord) refers to stm32f10x_flash.o(i.FLASH_WaitForLastOperation) for FLASH_WaitForLastOperation
    stm32f10x_flash.o(i.FLASH_ProgramOptionByteData) refers to stm32f10x_flash.o(i.FLASH_WaitForLastOperation) for FLASH_WaitForLastOperation
    stm32f10x_flash.o(i.FLASH_ProgramWord) refers to stm32f10x_flash.o(i.FLASH_WaitForLastOperation) for FLASH_WaitForLastOperation
    stm32f10x_flash.o(i.FLASH_ReadOutProtection) refers to stm32f10x_flash.o(i.FLASH_WaitForLastOperation) for FLASH_WaitForLastOperation
    stm32f10x_flash.o(i.FLASH_UserOptionByteConfig) refers to stm32f10x_flash.o(i.FLASH_WaitForLastOperation) for FLASH_WaitForLastOperation
    stm32f10x_flash.o(i.FLASH_WaitForLastBank1Operation) refers to stm32f10x_flash.o(i.FLASH_GetBank1Status) for FLASH_GetBank1Status
    stm32f10x_flash.o(i.FLASH_WaitForLastOperation) refers to stm32f10x_flash.o(i.FLASH_GetBank1Status) for FLASH_GetBank1Status
    stm32f10x_spi.o(i.I2S_Init) refers to stm32f10x_rcc.o(i.RCC_GetClocksFreq) for RCC_GetClocksFreq
    stm32f10x_spi.o(i.SPI_I2S_DeInit) refers to stm32f10x_rcc.o(i.RCC_APB2PeriphResetCmd) for RCC_APB2PeriphResetCmd
    stm32f10x_spi.o(i.SPI_I2S_DeInit) refers to stm32f10x_rcc.o(i.RCC_APB1PeriphResetCmd) for RCC_APB1PeriphResetCmd
    stm32f10x_gpio.o(i.GPIO_AFIODeInit) refers to stm32f10x_rcc.o(i.RCC_APB2PeriphResetCmd) for RCC_APB2PeriphResetCmd
    stm32f10x_gpio.o(i.GPIO_DeInit) refers to stm32f10x_rcc.o(i.RCC_APB2PeriphResetCmd) for RCC_APB2PeriphResetCmd
[...]
    Removing bsp_i2c_gpio.o(i.i2c_CheckDevice), (32 bytes).
    Removing bsp_spi_flash.o(i.Buffercmp), (36 bytes).
    Removing bsp_spi_flash.o(i.FLASH_AutoTest), (128 bytes).
    Removing bsp_spi_flash.o(i.RS485_delay), (18 bytes).
    Removing bsp_spi_flash.o(i.SPI_Delay), (18 bytes).
    Removing bsp_spi_flash.o(i.SPI_FLASH_BufferRead), (80 bytes).
    Removing bsp_spi_flash.o(i.SPI_FLASH_BufferWrite), (290 bytes).
    Removing bsp_spi_flash.o(i.SPI_FLASH_BulkErase), (40 bytes).
    Removing bsp_spi_flash.o(i.SPI_FLASH_PageWrite), (96 bytes).
    Removing bsp_spi_flash.o(i.SPI_FLASH_ReadByte), (10 bytes).
    Removing bsp_spi_flash.o(i.SPI_FLASH_ReadDeviceID), (60 bytes).
    Removing bsp_spi_flash.o(i.SPI_FLASH_ReadID), (80 bytes).
    Removing bsp_spi_flash.o(i.SPI_FLASH_SectorErase), (68 bytes).
    Removing bsp_spi_flash.o(i.SPI_FLASH_SendHalfWord), (52 bytes).
    Removing bsp_spi_flash.o(i.SPI_FLASH_StartReadSequence), (48 bytes).
    Removing bsp_spi_flash.o(i.SPI_FLASH_WaitForWriteEnd), (52 bytes).
    Removing bsp_spi_flash.o(i.SPI_FLASH_WriteEnable), (32 bytes).
    Removing bsp_spi_flash.o(i.SPI_Flash_PowerDown), (32 bytes).
    Removing bsp_spi_flash.o(i.SPI_Flash_WAKEUP), (32 bytes).
    Removing bsp_spi_flash.o(i.SpiFlash_Test), (420 bytes).
    Removing bsp_spi_flash.o(.bss), (76 bytes).
    Removing bsp_spi_flash.o(.data), (89 bytes).
    Removing bsp_timbase.o(i.TIM2_Configuration), (80 bytes).
    Removing bsp_timbase.o(i.TIM2_NVIC_Configuration), (42 bytes).
    Removing w5500_conf.o(i.dhcp_timer_init), (8 bytes).
    Removing w5500_conf.o(i.ntp_timer_init), (8 bytes).
    Removing w5500_conf.o(i.reboot), (40 bytes).
    Removing w5500_conf.o(i.timer2_init), (20 bytes).
    Removing w5500.o(i.clearIR), (26 bytes).
    Removing w5500.o(i.getIINCHIP_RxMAX), (16 bytes).
    Removing w5500.o(i.getIR), (12 bytes).
    Removing w5500.o(i.getSHAR), (18 bytes).
    Removing w5500.o(i.getSn_TX_FSR), (84 bytes).
    Removing w5500.o(i.iinchip_init), (10 bytes).
    Removing w5500.o(i.recv_data_processing), (148 bytes).
    Removing w5500.o(i.setMR), (14 bytes).
    Removing w5500.o(i.setRCR), (16 bytes).
    Removing w5500.o(i.setRTR), (26 bytes).
    Removing w5500.o(i.setSn_MSS), (36 bytes).
    Removing w5500.o(i.setSn_TTL), (22 bytes).
    Removing socket.o(i.connect), (248 bytes).
    Removing socket.o(i.disconnect), (38 bytes).
    Removing socket.o(i.listen), (62 bytes).
    Removing socket.o(i.recv), (66 bytes).
    Removing socket.o(i.send), (236 bytes).
    Removing utility.o(i.atoi16), (32 bytes).
    Removing utility.o(i.atoi32), (32 bytes).
    Removing utility.o(i.c2d), (54 bytes).
    Removing utility.o(i.check_dest_in_local), (62 bytes).
    Removing utility.o(i.checksum), (76 bytes).
    Removing utility.o(i.delay_s), (22 bytes).
    Removing utility.o(i.htonl), (12 bytes).
    Removing utility.o(i.htons), (12 bytes).
    Removing utility.o(i.inet_addr_), (96 bytes).
    Removing utility.o(i.inet_ntoa), (56 bytes).
    Removing utility.o(i.inet_ntoa_pad), (64 bytes).
    Removing utility.o(i.itoa), (64 bytes).
    Removing utility.o(i.mid), (68 bytes).
    Removing utility.o(i.ntohl), (12 bytes).
    Removing utility.o(i.ntohs), (12 bytes).
    Removing utility.o(i.replacetochar), (26 bytes).
    Removing utility.o(i.swapl), (28 bytes).
    Removing utility.o(i.swaps), (14 bytes).
    Removing utility.o(i.validatoi), (72 bytes).
    Removing utility.o(i.verify_ip_address), (120 bytes).
    Removing utility.o(.bss), (48 bytes).
    Removing udp_demo.o(i.UDP_Send_to), (52 bytes).
    Removing udp_demo.o(.bss), (128 bytes).
    Removing udp_demo.o(.data), (2 bytes).
    Removing dhcp.o(i.DHCP_timer_handler), (44 bytes).
    Removing dhcp.o(i.check_DHCP_Timeout), (132 bytes).
    Removing dhcp.o(i.check_DHCP_state), (360 bytes).
    Removing dhcp.o(i.check_leasedIP), (64 bytes).
    Removing dhcp.o(i.do_dhcp), (196 bytes).
    Removing dhcp.o(i.init_dhcp_client), (168 bytes).
    Removing dhcp.o(i.parseDHCPMSG), (368 bytes).
    Removing dhcp.o(i.reset_DHCP_time), (44 bytes).
    Removing dhcp.o(i.send_DHCP_DISCOVER), (724 bytes).
    Removing dhcp.o(i.send_DHCP_RELEASE_DECLINE), (668 bytes).
    Removing dhcp.o(i.send_DHCP_REQUEST), (1008 bytes).
    Removing dhcp.o(.conststring), (5 bytes).
    Removing dhcp.o(.data), (64 bytes).
    Removing function.o(i.Button_Init), (84 bytes).
    Removing function.o(i.Ctrl_PIN_Init), (284 bytes).
    Removing function.o(i.NVIC_Configuration_GPIO), (38 bytes).
    Removing function.o(i.TIM4_Init), (96 bytes).
    Removing read_write_flash.o(i.ReadFlashData), (88 bytes).
    Removing read_write_flash.o(.data), (2 bytes).
    Removing adc_acquire.o(i.AD7606ReadOneRoad), (128 bytes).
    Removing adc_acquire.o(.bss), (60 bytes).
    Removing dadd.o(.text), (334 bytes).
    Removing dmul.o(.text), (228 bytes).
    Removing ddiv.o(.text), (222 bytes).
    Removing dfixul.o(.text), (48 bytes).
    Removing cdrcmple.o(.text), (48 bytes).
    Removing depilogue.o(.text), (186 bytes).

376 unused section(s) (total 21742 bytes) removed from the image.

==============================================================================

Image Symbol Table

    Local Symbols

    Symbol Name                              Value     Ov Type        Size  Object(Section)

    ../clib/../cmprslib/zerorunl2.c          0x00000000   Number         0  __dczerorl2.o ABSOLUTE
    ../clib/microlib/division.c              0x00000000   Number         0  uldiv.o ABSOLUTE
    ../clib/microlib/division.c              0x00000000   Number         0  uidiv.o ABSOLUTE
    ../clib/microlib/init/entry.s            0x00000000   Number         0  entry8b.o ABSOLUTE
    ../clib/microlib/init/entry.s            0x00000000   Number         0  entry11b.o ABSOLUTE
    ../clib/microlib/init/entry.s            0x00000000   Number         0  entry9a.o ABSOLUTE
    ../clib/microlib/init/entry.s            0x00000000   Number         0  entry7a.o ABSOLUTE
    ../clib/microlib/init/entry.s            0x00000000   Number         0  entry7b.o ABSOLUTE
    ../clib/microlib/init/entry.s            0x00000000   Number         0  entry8a.o ABSOLUTE
    ../clib/microlib/init/entry.s            0x00000000   Number         0  entry11a.o ABSOLUTE
    ../clib/microlib/init/entry.s            0x00000000   Number         0  entry10b.o ABSOLUTE
    ../clib/microlib/init/entry.s            0x00000000   Number         0  entry9b.o ABSOLUTE
    ../clib/microlib/init/entry.s            0x00000000   Number         0  entry10a.o ABSOLUTE
    ../clib/microlib/init/entry.s            0x00000000   Number         0  entry.o ABSOLUTE
    ../clib/microlib/init/entry.s            0x00000000   Number         0  entry2.o ABSOLUTE
    ../clib/microlib/init/entry.s            0x00000000   Number         0  entry5.o ABSOLUTE
    ../clib/microlib/longlong.c              0x00000000   Number         0  llshl.o ABSOLUTE
    ../clib/microlib/longlong.c              0x00000000   Number         0  llsshr.o ABSOLUTE
    ../clib/microlib/longlong.c              0x00000000   Number         0  llushr.o ABSOLUTE
    ../clib/microlib/printf/printf.c         0x00000000   Number         0  printfa.o ABSOLUTE
    ../clib/microlib/printf/printf.c         0x00000000   Number         0  printfb.o ABSOLUTE
    ../clib/microlib/printf/printf.c         0x00000000   Number         0  printf3.o ABSOLUTE
    ../clib/microlib/printf/printf.c         0x00000000   Number         0  printf6.o ABSOLUTE
    ../clib/microlib/printf/printf.c         0x00000000   Number         0  printf5.o ABSOLUTE
    ../clib/microlib/printf/printf.c         0x00000000   Number         0  printf4.o ABSOLUTE
    ../clib/microlib/printf/printf.c         0x00000000   Number         0  printf7.o ABSOLUTE
    ../clib/microlib/printf/printf.c         0x00000000   Number         0  printf0.o ABSOLUTE
    ../clib/microlib/printf/printf.c         0x00000000   Number         0  printf1.o ABSOLUTE
    ../clib/microlib/printf/printf.c         0x00000000   Number         0  printf8.o ABSOLUTE
    ../clib/microlib/printf/printf.c         0x00000000   Number         0  printf2.o ABSOLUTE
    ../clib/microlib/printf/stubs.s          0x00000000   Number         0  stubs.o ABSOLUTE
    ../clib/microlib/stdio/streams.c         0x00000000   Number         0  stdout.o ABSOLUTE
    ../clib/microlib/string/memcmp.c         0x00000000   Number         0  memcmp.o ABSOLUTE
    ../clib/microlib/string/memcpy.c         0x00000000   Number         0  memcpyb.o ABSOLUTE
    ../clib/microlib/string/memcpy.c         0x00000000   Number         0  memcpya.o ABSOLUTE
    ../clib/microlib/string/memset.c         0x00000000   Number         0  memseta.o ABSOLUTE
    ../clib/microlib/string/strcpy.c         0x00000000   Number         0  strcpy.o ABSOLUTE
    ../clib/microlib/string/strlen.c         0x00000000   Number         0  strlen.o ABSOLUTE
    ../clib/microlib/string/strncpy.c        0x00000000   Number         0  strncpy.o ABSOLUTE
    ../clib/microlib/string/strstr.c         0x00000000   Number         0  strstr.o ABSOLUTE
    ../clib/microlib/string/strtok.c         0x00000000   Number         0  strtok.o ABSOLUTE
    ../clib/microlib/string/strtok.c         0x00000000   Number         0  strtok_r.o ABSOLUTE
    ../clib/microlib/stubs.s                 0x00000000   Number         0  iusefp.o ABSOLUTE
    ../fplib/microlib/fpadd.c                0x00000000   Number         0  dadd.o ABSOLUTE
    ../fplib/microlib/fpdiv.c                0x00000000   Number         0  ddiv.o ABSOLUTE
    ../fplib/microlib/fpepilogue.c           0x00000000   Number         0  depilogue.o ABSOLUTE
    ../fplib/microlib/fpepilogue.c           0x00000000   Number         0  fepilogue.o ABSOLUTE
    ../fplib/microlib/fpfix.c                0x00000000   Number         0  ffixui.o ABSOLUTE
    ../fplib/microlib/fpfix.c                0x00000000   Number         0  ffixi.o ABSOLUTE
    ../fplib/microlib/fpfix.c                0x00000000   Number         0  dfixul.o ABSOLUTE
    ../fplib/microlib/fpflt.c                0x00000000   Number         0  fflti.o ABSOLUTE
    ../fplib/microlib/fpmul.c                0x00000000   Number         0  dmul.o ABSOLUTE
    ..\..\Libraries\CMSIS\core_cm3.c         0x00000000   Number         0  core_cm3.o ABSOLUTE
    ..\..\Libraries\CMSIS\startup\startup_stm32f10x_md.s 0x00000000   Number         0  startup_stm32f10x_md.o ABSOLUTE
    ..\..\Libraries\CMSIS\system_stm32f10x.c 0x00000000   Number         0  system_stm32f10x.o ABSOLUTE
    ..\..\Libraries\FWlib\src\misc.c         0x00000000   Number         0  misc.o ABSOLUTE
    ..\..\Libraries\FWlib\src\stm32f10x_adc.c 0x00000000   Number         0  stm32f10x_adc.o ABSOLUTE
    ..\..\Libraries\FWlib\src\stm32f10x_bkp.c 0x00000000   Number         0  stm32f10x_bkp.o ABSOLUTE
    ..\..\Libraries\FWlib\src\stm32f10x_dma.c 0x00000000   Number         0  stm32f10x_dma.o ABSOLUTE
    ..\..\Libraries\FWlib\src\stm32f10x_exti.c 0x00000000   Number         0  stm32f10x_exti.o ABSOLUTE
    ..\..\Libraries\FWlib\src\stm32f10x_flash.c 0x00000000   Number         0  stm32f10x_flash.o ABSOLUTE
    ..\..\Libraries\FWlib\src\stm32f10x_gpio.c 0x00000000   Number         0  stm32f10x_gpio.o ABSOLUTE
    ..\..\Libraries\FWlib\src\stm32f10x_rcc.c 0x00000000   Number         0  stm32f10x_rcc.o ABSOLUTE
    ..\..\Libraries\FWlib\src\stm32f10x_spi.c 0x00000000   Number         0  stm32f10x_spi.o ABSOLUTE
    ..\..\Libraries\FWlib\src\stm32f10x_tim.c 0x00000000   Number         0  stm32f10x_tim.o ABSOLUTE
    ..\..\Libraries\FWlib\src\stm32f10x_usart.c 0x00000000   Number         0  stm32f10x_usart.o ABSOLUTE
    ..\..\User\Ethernet\Internet\dhcp.c      0x00000000   Number         0  dhcp.o ABSOLUTE
    ..\..\User\Ethernet\Internet\udp_demo.c  0x00000000   Number         0  udp_demo.o ABSOLUTE
    ..\..\User\Ethernet\W5500\socket.c       0x00000000   Number         0  socket.o ABSOLUTE
    ..\..\User\Ethernet\W5500\utility.c      0x00000000   Number         0  utility.o ABSOLUTE
    ..\..\User\Ethernet\W5500\w5500.c        0x00000000   Number         0  w5500.o ABSOLUTE
    ..\..\User\Ethernet\W5500\w5500_conf.c   0x00000000   Number         0  w5500_conf.o ABSOLUTE
    ..\..\User\I2C_EEPROM\bsp_i2c_ee.c       0x00000000   Number         0  bsp_i2c_ee.o ABSOLUTE
    ..\..\User\I2C_EEPROM\bsp_i2c_gpio.c     0x00000000   Number         0  bsp_i2c_gpio.o ABSOLUTE
    ..\..\User\TimBase\bsp_TiMbase.c         0x00000000   Number         0  bsp_timbase.o ABSOLUTE
    ..\..\User\led\bsp_led.c                 0x00000000   Number         0  bsp_led.o ABSOLUTE
    ..\..\User\main.c                        0x00000000   Number         0  main.o ABSOLUTE
    ..\..\User\spi\bsp_spi_flash.c           0x00000000   Number         0  bsp_spi_flash.o ABSOLUTE
    ..\..\User\stm32f10x_it.c                0x00000000   Number         0  stm32f10x_it.o ABSOLUTE
    ..\..\User\usart\bsp_usart1.c            0x00000000   Number         0  bsp_usart1.o ABSOLUTE
    ..\\..\\Libraries\\CMSIS\\core_cm3.c     0x00000000   Number         0  core_cm3.o ABSOLUTE
    ADC_acquire.c                            0x00000000   Number         0  adc_acquire.o ABSOLUTE
    Read_Write_Flash.c                       0x00000000   Number         0  read_write_flash.o ABSOLUTE
    cdrcmple.s                               0x00000000   Number         0  cdrcmple.o ABSOLUTE
    cfrcmple.s                               0x00000000   Number         0  cfrcmple.o ABSOLUTE
    dc.s                                     0x00000000   Number         0  dc.o ABSOLUTE
    function.c                               0x00000000   Number         0  function.o ABSOLUTE
    handlers.s                               0x00000000   Number         0  handlers.o ABSOLUTE
    init.s                                   0x00000000   Number         0  init.o ABSOLUTE
    RESET                                    0x08000000   Section      236  startup_stm32f10x_md.o(RESET)
    .ARM.Collect$$$$00000000                 0x080000ec   Section        0  entry.o(.ARM.Collect$$$$00000000)
    .ARM.Collect$$$$00000001                 0x080000ec   Section        4  entry2.o(.ARM.Collect$$$$00000001)
    .ARM.Collect$$$$00000004                 0x080000f0   Section        4  entry5.o(.ARM.Collect$$$$00000004)
    .ARM.Collect$$$$00000008                 0x080000f4   Section        0  entry7b.o(.ARM.Collect$$$$00000008)
    .ARM.Collect$$$$0000000A                 0x080000f4   Section        0  entry8b.o(.ARM.Collect$$$$0000000A)
    .ARM.Collect$$$$0000000B                 0x080000f4   Section        8  entry9a.o(.ARM.Collect$$$$0000000B)
    .ARM.Collect$$$$0000000D                 0x080000fc   Section        0  entry10a.o(.ARM.Collect$$$$0000000D)
    .ARM.Collect$$$$0000000F                 0x080000fc   Section        0  entry11a.o(.ARM.Collect$$$$0000000F)
    .ARM.Collect$$$$00002712                 0x080000fc   Section        4  entry2.o(.ARM.Collect$$$$00002712)
    __lit__00000000                          0x080000fc   Data           4  entry2.o(.ARM.Collect$$$$00002712)
    .text                                    0x08000100   Section       36  startup_stm32f10x_md.o(.text)
    .text                                    0x08000124   Section        0  memcpya.o(.text)
    .text                                    0x08000148   Section        0  fflti.o(.text)
    .text                                    0x0800015a   Section        0  ffixi.o(.text)
    .text                                    0x0800018c   Section        0  ffixui.o(.text)
    .text                                    0x080001b4   Section       20  cfrcmple.o(.text)
    .text                                    0x080001c8   Section        0  uldiv.o(.text)
    .text                                    0x0800022a   Section        0  fepilogue.o(.text)
    .text                                    0x0800022a   Section        0  iusefp.o(.text)
    .text                                    0x08000298   Section       36  init.o(.text)
    .text                                    0x080002bc   Section        0  llshl.o(.text)
    .text                                    0x080002da   Section        0  llushr.o(.text)
    .text                                    0x080002fa   Section        0  __dczerorl2.o(.text)
    i.AD7606Initialization                   0x08000350   Section        0  adc_acquire.o(i.AD7606Initialization)
    i.AD7606ReadOneSample                    0x0800035c   Section        0  adc_acquire.o(i.AD7606ReadOneSample)
    i.AD7606Reset                            0x080003e0   Section        0  adc_acquire.o(i.AD7606Reset)
    i.BusFault_Handler                       0x08000400   Section        0  stm32f10x_it.o(i.BusFault_Handler)
    i.DebugMon_Handler                       0x08000404   Section        0  stm32f10x_it.o(i.DebugMon_Handler)
    i.EXTI1_IRQHandler                       0x08000408   Section        0  function.o(i.EXTI1_IRQHandler)
    i.EXTI9_5_IRQHandler                     0x08000450   Section        0  main.o(i.EXTI9_5_IRQHandler)
    i.EXTI_ClearFlag                         0x080004c0   Section        0  stm32f10x_exti.o(i.EXTI_ClearFlag)
    i.EXTI_ClearITPendingBit                 0x080004cc   Section        0  stm32f10x_exti.o(i.EXTI_ClearITPendingBit)
    i.EXTI_DeInit                            0x080004d8   Section        0  stm32f10x_exti.o(i.EXTI_DeInit)
    i.EXTI_GetITStatus                       0x080004fc   Section        0  stm32f10x_exti.o(i.EXTI_GetITStatus)
    i.EXTI_Init                              0x08000524   Section        0  stm32f10x_exti.o(i.EXTI_Init)
    i.ExtINTConfig                           0x080005b8   Section        0  main.o(i.ExtINTConfig)
    i.FLASH_ClearFlag                        0x0800062c   Section        0  stm32f10x_flash.o(i.FLASH_ClearFlag)
    i.FLASH_ErasePage                        0x08000638   Section        0  stm32f10x_flash.o(i.FLASH_ErasePage)
    i.FLASH_GetBank1Status                   0x08000684   Section        0  stm32f10x_flash.o(i.FLASH_GetBank1Status)
    i.FLASH_Lock                             0x080006b8   Section        0  stm32f10x_flash.o(i.FLASH_Lock)
    i.FLASH_ProgramHalfWord                  0x080006cc   Section        0  stm32f10x_flash.o(i.FLASH_ProgramHalfWord)
    i.FLASH_Unlock                           0x0800070c   Section        0  stm32f10x_flash.o(i.FLASH_Unlock)
    i.FLASH_WaitForLastOperation             0x08000724   Section        0  stm32f10x_flash.o(i.FLASH_WaitForLastOperation)
    i.FLASH_WriteByte                        0x0800074c   Section        0  read_write_flash.o(i.FLASH_WriteByte)
    i.GPIO_EXTILineConfig                    0x0800077c   Section        0  stm32f10x_gpio.o(i.GPIO_EXTILineConfig)
    i.GPIO_Init                              0x080007bc   Section        0  stm32f10x_gpio.o(i.GPIO_Init)
    i.GPIO_ReadInputDataBit                  0x080008d2   Section        0  stm32f10x_gpio.o(i.GPIO_ReadInputDataBit)
    i.GPIO_ResetBits                         0x080008e4   Section        0  stm32f10x_gpio.o(i.GPIO_ResetBits)
    i.GPIO_SetBits                           0x080008e8   Section        0  stm32f10x_gpio.o(i.GPIO_SetBits)
    i.HardFault_Handler                      0x080008ec   Section        0  stm32f10x_it.o(i.HardFault_Handler)
    i.IINCHIP_READ                           0x080008f0   Section        0  w5500_conf.o(i.IINCHIP_READ)
    i.IINCHIP_SpiSendData                    0x08000922   Section        0  w5500_conf.o(i.IINCHIP_SpiSendData)
    i.IINCHIP_WRITE                          0x0800092e   Section        0  w5500_conf.o(i.IINCHIP_WRITE)
    i.IO_Configuration                       0x08000960   Section        0  adc_acquire.o(i.IO_Configuration)
    i.MemManage_Handler                      0x08000a38   Section        0  stm32f10x_it.o(i.MemManage_Handler)
    i.NMI_Handler                            0x08000a3c   Section        0  stm32f10x_it.o(i.NMI_Handler)
    i.NVIC_Configuration1                    0x08000a3e   Section        0  bsp_usart1.o(i.NVIC_Configuration1)
    NVIC_Configuration1                      0x08000a3f   Thumb Code    38  bsp_usart1.o(i.NVIC_Configuration1)
    i.NVIC_Init                              0x08000a64   Section        0  misc.o(i.NVIC_Init)
    i.NVIC_PriorityGroupConfig               0x08000ad4   Section        0  misc.o(i.NVIC_PriorityGroupConfig)
    i.PWMON                                  0x08000ae8   Section        0  main.o(i.PWMON)
    i.PendSV_Handler                         0x08000ba4   Section        0  stm32f10x_it.o(i.PendSV_Handler)
    i.RCC_APB1PeriphClockCmd                 0x08000ba8   Section        0  stm32f10x_rcc.o(i.RCC_APB1PeriphClockCmd)
    i.RCC_APB1PeriphResetCmd                 0x08000bc8   Section        0  stm32f10x_rcc.o(i.RCC_APB1PeriphResetCmd)
    i.RCC_APB2PeriphClockCmd                 0x08000be8   Section        0  stm32f10x_rcc.o(i.RCC_APB2PeriphClockCmd)
    i.RCC_APB2PeriphResetCmd                 0x08000c08   Section        0  stm32f10x_rcc.o(i.RCC_APB2PeriphResetCmd)
    i.RCC_GetClocksFreq                      0x08000c28   Section        0  stm32f10x_rcc.o(i.RCC_GetClocksFreq)
    i.SPI_Cmd                                0x08000cfc   Section        0  stm32f10x_spi.o(i.SPI_Cmd)
    i.SPI_FLASH_Init                         0x08000d14   Section        0  bsp_spi_flash.o(i.SPI_FLASH_Init)
    i.SPI_FLASH_SendByte                     0x08000dd0   Section        0  bsp_spi_flash.o(i.SPI_FLASH_SendByte)
    i.SPI_I2S_GetFlagStatus                  0x08000e08   Section        0  stm32f10x_spi.o(i.SPI_I2S_GetFlagStatus)
    i.SPI_I2S_ReceiveData                    0x08000e1a   Section        0  stm32f10x_spi.o(i.SPI_I2S_ReceiveData)
    i.SPI_I2S_SendData                       0x08000e20   Section        0  stm32f10x_spi.o(i.SPI_I2S_SendData)
    i.SPI_Init                               0x08000e24   Section        0  stm32f10x_spi.o(i.SPI_Init)
    i.SVC_Handler                            0x08000e60   Section        0  stm32f10x_it.o(i.SVC_Handler)
    i.SetSysClock                            0x08000e62   Section        0  system_stm32f10x.o(i.SetSysClock)
    SetSysClock                              0x08000e63   Thumb Code     8  system_stm32f10x.o(i.SetSysClock)
    i.SetSysClockTo72                        0x08000e6c   Section        0  system_stm32f10x.o(i.SetSysClockTo72)
    SetSysClockTo72                          0x08000e6d   Thumb Code   214  system_stm32f10x.o(i.SetSysClockTo72)
    i.SysTick_Handler                        0x08000f4c   Section        0  stm32f10x_it.o(i.SysTick_Handler)
    i.SystemInit                             0x08000f50   Section        0  system_stm32f10x.o(i.SystemInit)
    i.TIM2_IRQHandler                        0x08000fb0   Section        0  stm32f10x_it.o(i.TIM2_IRQHandler)
    i.TIM3_IRQHandler                        0x08000fcc   Section        0  function.o(i.TIM3_IRQHandler)
    i.TIM3_Init                              0x08001038   Section        0  function.o(i.TIM3_Init)
    i.TIM4_IRQHandler                        0x08001098   Section        0  function.o(i.TIM4_IRQHandler)
    i.TIM_ARRPreloadConfig                   0x080010cc   Section        0  stm32f10x_tim.o(i.TIM_ARRPreloadConfig)
    i.TIM_ClearITPendingBit                  0x080010e4   Section        0  stm32f10x_tim.o(i.TIM_ClearITPendingBit)
    i.TIM_Cmd                                0x080010ea   Section        0  stm32f10x_tim.o(i.TIM_Cmd)
    i.TIM_CounterModeConfig                  0x08001102   Section        0  stm32f10x_tim.o(i.TIM_CounterModeConfig)
    i.TIM_DeInit                             0x08001114   Section        0  stm32f10x_tim.o(i.TIM_DeInit)
    i.TIM_GetITStatus                        0x080012fc   Section        0  stm32f10x_tim.o(i.TIM_GetITStatus)
    i.TIM_ITConfig                           0x0800131e   Section        0  stm32f10x_tim.o(i.TIM_ITConfig)
    i.TIM_OC2Init                            0x08001330   Section        0  stm32f10x_tim.o(i.TIM_OC2Init)
    i.TIM_OC2PreloadConfig                   0x080013d4   Section        0  stm32f10x_tim.o(i.TIM_OC2PreloadConfig)
    i.TIM_TimeBaseInit                       0x080013f0   Section        0  stm32f10x_tim.o(i.TIM_TimeBaseInit)
    i.UDP_rec                                0x08001494   Section        0  main.o(i.UDP_rec)
    i.UDP_send_message                       0x08001510   Section        0  main.o(i.UDP_send_message)
    i.USART1_Config                          0x080015a0   Section        0  bsp_usart1.o(i.USART1_Config)
    i.USART1_IRQHandler                      0x08001638   Section        0  bsp_usart1.o(i.USART1_IRQHandler)
    i.USART2_IRQHandler                      0x0800169c   Section        0  bsp_usart1.o(i.USART2_IRQHandler)
    i.USART3_IRQHandler                      0x08001734   Section        0  bsp_usart1.o(i.USART3_IRQHandler)
    i.USART_ClearITPendingBit                0x080017cc   Section        0  stm32f10x_usart.o(i.USART_ClearITPendingBit)
    i.USART_Cmd                              0x080017ea   Section        0  stm32f10x_usart.o(i.USART_Cmd)
    i.USART_GetFlagStatus                    0x08001802   Section        0  stm32f10x_usart.o(i.USART_GetFlagStatus)
    i.USART_GetITStatus                      0x0800181c   Section        0  stm32f10x_usart.o(i.USART_GetITStatus)
    i.USART_ITConfig                         0x08001870   Section        0  stm32f10x_usart.o(i.USART_ITConfig)
    i.USART_Init                             0x080018bc   Section        0  stm32f10x_usart.o(i.USART_Init)
    i.USART_ReceiveData                      0x08001994   Section        0  stm32f10x_usart.o(i.USART_ReceiveData)
    i.USART_SendData                         0x0800199e   Section        0  stm32f10x_usart.o(i.USART_SendData)
    i.Uart1_SendByte                         0x080019a8   Section        0  bsp_usart1.o(i.Uart1_SendByte)
    i.UsageFault_Handler                     0x080019c8   Section        0  stm32f10x_it.o(i.UsageFault_Handler)
    i.__0printf$8                            0x080019cc   Section        0  printf8.o(i.__0printf$8)
    i.__scatterload_copy                     0x080019ec   Section       14  handlers.o(i.__scatterload_copy)
    i.__scatterload_null                     0x080019fa   Section        2  handlers.o(i.__scatterload_null)
    i.__scatterload_zeroinit                 0x080019fc   Section       14  handlers.o(i.__scatterload_zeroinit)
    i._printf_core                           0x08001a0c   Section        0  printf8.o(i._printf_core)
    _printf_core                             0x08001a0d   Thumb Code   996  printf8.o(i._printf_core)
    i._printf_post_padding                   0x08001e1c   Section        0  printf8.o(i._printf_post_padding)
    _printf_post_padding                     0x08001e1d   Thumb Code    36  printf8.o(i._printf_post_padding)
    i._printf_pre_padding                    0x08001e40   Section        0  printf8.o(i._printf_pre_padding)
    _printf_pre_padding                      0x08001e41   Thumb Code    46  printf8.o(i._printf_pre_padding)
    i.close                                  0x08001e6e   Section        0  socket.o(i.close)
    i.delay_ms                               0x08001ea4   Section        0  utility.o(i.delay_ms)
    i.delay_us                               0x08001ee0   Section        0  utility.o(i.delay_us)
    i.do_udp                                 0x08001f1c   Section        0  udp_demo.o(i.do_udp)
    i.ee_ReadBytes                           0x08001f60   Section        0  bsp_i2c_ee.o(i.ee_ReadBytes)
    i.ee_WriteBytes                          0x08001fd0   Section        0  bsp_i2c_ee.o(i.ee_WriteBytes)
    i.fputc                                  0x08002050   Section        0  bsp_usart1.o(i.fputc)
    i.getGAR                                 0x08002074   Section        0  w5500.o(i.getGAR)
    i.getIINCHIP_TxMAX                       0x08002084   Section        0  w5500.o(i.getIINCHIP_TxMAX)
    i.getSIPR                                0x08002094   Section        0  w5500.o(i.getSIPR)
    i.getSUBR                                0x080020a6   Section        0  w5500.o(i.getSUBR)
    i.getSn_IR                               0x080020b8   Section        0  w5500.o(i.getSn_IR)
    i.getSn_RX_RSR                           0x080020ca   Section        0  w5500.o(i.getSn_RX_RSR)
    i.getSn_SR                               0x0800211e   Section        0  w5500.o(i.getSn_SR)
    i.gpio_for_w5500_config                  0x08002130   Section        0  w5500_conf.o(i.gpio_for_w5500_config)
    i.i2c_Ack                                0x0800218c   Section        0  bsp_i2c_gpio.o(i.i2c_Ack)
    i.i2c_Delay                              0x080021bc   Section        0  bsp_i2c_gpio.o(i.i2c_Delay)
    i2c_Delay                                0x080021bd   Thumb Code    14  bsp_i2c_gpio.o(i.i2c_Delay)
    i.i2c_NAck                               0x080021cc   Section        0  bsp_i2c_gpio.o(i.i2c_NAck)
    i.i2c_ReadByte                           0x080021f4   Section        0  bsp_i2c_gpio.o(i.i2c_ReadByte)
    i.i2c_SendByte                           0x08002238   Section        0  bsp_i2c_gpio.o(i.i2c_SendByte)
    i.i2c_Start                              0x0800228c   Section        0  bsp_i2c_gpio.o(i.i2c_Start)
    i.i2c_Stop                               0x080022bc   Section        0  bsp_i2c_gpio.o(i.i2c_Stop)
    i.i2c_WaitAck                            0x080022dc   Section        0  bsp_i2c_gpio.o(i.i2c_WaitAck)
    i.iinchip_csoff                          0x08002318   Section        0  w5500_conf.o(i.iinchip_csoff)
    i.iinchip_cson                           0x08002322   Section        0  w5500_conf.o(i.iinchip_cson)
    i.main                                   0x0800232c   Section        0  main.o(i.main)
    i.read_config_from_eeprom                0x080029b0   Section        0  w5500_conf.o(i.read_config_from_eeprom)
    i.recvfrom                               0x080029c8   Section        0  socket.o(i.recvfrom)
    i.reset_w5500                            0x08002bcc   Section        0  w5500_conf.o(i.reset_w5500)
    i.send_data_processing                   0x08002bf8   Section        0  w5500.o(i.send_data_processing)
    i.sendto                                 0x08002c8c   Section        0  socket.o(i.sendto)
    i.setGAR                                 0x08002d98   Section        0  w5500.o(i.setGAR)
    i.setSHAR                                0x08002da8   Section        0  w5500.o(i.setSHAR)
    i.setSIPR                                0x08002dba   Section        0  w5500.o(i.setSIPR)
    i.setSUBR                                0x08002dcc   Section        0  w5500.o(i.setSUBR)
    i.setSn_IR                               0x08002dde   Section        0  w5500.o(i.setSn_IR)
    i.set_w5500_ip                           0x08002df4   Section        0  w5500_conf.o(i.set_w5500_ip)
    i.set_w5500_mac                          0x08003068   Section        0  w5500_conf.o(i.set_w5500_mac)
    i.socket                                 0x08003094   Section        0  socket.o(i.socket)
    i.socket_buf_init                        0x08003158   Section        0  w5500.o(i.socket_buf_init)
    i.systick_init                           0x080031e0   Section        0  utility.o(i.systick_init)
    i.timer2_isr                             0x08003220   Section        0  w5500_conf.o(i.timer2_isr)
    i.wiz_cs                                 0x0800325c   Section        0  w5500_conf.o(i.wiz_cs)
    i.wiz_read_buf                           0x08003280   Section        0  w5500_conf.o(i.wiz_read_buf)
    i.wiz_write_buf                          0x080032e8   Section        0  w5500_conf.o(i.wiz_write_buf)
    i.write_config_to_eeprom                 0x08003350   Section        0  w5500_conf.o(i.write_config_to_eeprom)
    .data                                    0x20000000   Section       20  stm32f10x_rcc.o(.data)
    APBAHBPrescTable                         0x20000000   Data          16  stm32f10x_rcc.o(.data)
    ADCPrescTable                            0x20000010   Data           4  stm32f10x_rcc.o(.data)
    .data                                    0x20000014   Section      232  main.o(.data)
    .data                                    0x200000fc   Section       28  bsp_usart1.o(.data)
    .data                                    0x20000118   Section       45  w5500_conf.o(.data)
    .data                                    0x20000145   Section       16  w5500.o(.data)
    .data                                    0x20000156   Section        4  utility.o(.data)
    fac_us                                   0x20000156   Data           1  utility.o(.data)
    fac_ms                                   0x20000158   Data           2  utility.o(.data)
    .data                                    0x2000015a   Section        6  function.o(.data)
    .data                                    0x20000160   Section        4  stdout.o(.data)
    .bss                                     0x20000164   Section     2320  main.o(.bss)
    .bss                                     0x20000a74   Section       22  bsp_usart1.o(.bss)
    .bss                                     0x20000a8a   Section       46  w5500_conf.o(.bss)
    .bss                                     0x20000ab8   Section       32  w5500.o(.bss)
    .bss                                     0x20000ad8   Section     1046  dhcp.o(.bss)
    STACK                                    0x20000ef0   Section     1024  startup_stm32f10x_md.o(STACK)

    Global Symbols

    Symbol Name                              Value     Ov Type        Size  Object(Section)

    BuildAttributes$$THM_ISAv4$P$D$K$B$S$PE$A:L22UL41UL21$X:L11$S22US41US21$IEEE1$IW$USESV6$~STKCKD$USESV7$~SHL$OTIME$ROPI$EBA8$MICROLIB$REQ8$PRES8$EABIv2 0x00000000   Number         0  anon$$obj.o ABSOLUTE
    __ARM_use_no_argv                        0x00000000   Number         0  main.o ABSOLUTE
    _printf_a                                0x00000000   Number         0  stubs.o ABSOLUTE
    _printf_c                                0x00000000   Number         0  stubs.o ABSOLUTE
    _printf_charcount                        0x00000000   Number         0  stubs.o ABSOLUTE
    _printf_d                                0x00000000   Number         0  stubs.o ABSOLUTE
    _printf_e                                0x00000000   Number         0  stubs.o ABSOLUTE
    _printf_f                                0x00000000   Number         0  stubs.o ABSOLUTE
    _printf_flags                            0x00000000   Number         0  stubs.o ABSOLUTE
    _printf_fp_dec                           0x00000000   Number         0  stubs.o ABSOLUTE
    _printf_fp_hex                           0x00000000   Number         0  stubs.o ABSOLUTE
    _printf_g                                0x00000000   Number         0  stubs.o ABSOLUTE
    _printf_i                                0x00000000   Number         0  stubs.o ABSOLUTE
    _printf_int_dec                          0x00000000   Number         0  stubs.o ABSOLUTE
    _printf_l                                0x00000000   Number         0  stubs.o ABSOLUTE
    _printf_lc                               0x00000000   Number         0  stubs.o ABSOLUTE
    _printf_ll                               0x00000000   Number         0  stubs.o ABSOLUTE
    _printf_lld                              0x00000000   Number         0  stubs.o ABSOLUTE
    _printf_lli                              0x00000000   Number         0  stubs.o ABSOLUTE
    _printf_llo                              0x00000000   Number         0  stubs.o ABSOLUTE
    _printf_llu                              0x00000000   Number         0  stubs.o ABSOLUTE
    _printf_llx                              0x00000000   Number         0  stubs.o ABSOLUTE
    _printf_longlong_dec                     0x00000000   Number         0  stubs.o ABSOLUTE
    _printf_longlong_hex                     0x00000000   Number         0  stubs.o ABSOLUTE
    _printf_longlong_oct                     0x00000000   Number         0  stubs.o ABSOLUTE
    _printf_ls                               0x00000000   Number         0  stubs.o ABSOLUTE
    _printf_mbtowc                           0x00000000   Number         0  stubs.o ABSOLUTE
    _printf_n                                0x00000000   Number         0  stubs.o ABSOLUTE
    _printf_o                                0x00000000   Number         0  stubs.o ABSOLUTE
    _printf_p                                0x00000000   Number         0  stubs.o ABSOLUTE
    _printf_percent                          0x00000000   Number         0  stubs.o ABSOLUTE
    _printf_pre_padding                      0x00000000   Number         0  stubs.o ABSOLUTE
    _printf_return_value                     0x00000000   Number         0  stubs.o ABSOLUTE
    _printf_s                                0x00000000   Number         0  stubs.o ABSOLUTE
    _printf_sizespec                         0x00000000   Number         0  stubs.o ABSOLUTE
    _printf_str                              0x00000000   Number         0  stubs.o ABSOLUTE
    _printf_truncate_signed                  0x00000000   Number         0  stubs.o ABSOLUTE
    _printf_truncate_unsigned                0x00000000   Number         0  stubs.o ABSOLUTE
    _printf_u                                0x00000000   Number         0  stubs.o ABSOLUTE
    _printf_wc                               0x00000000   Number         0  stubs.o ABSOLUTE
    _printf_wctomb                           0x00000000   Number         0  stubs.o ABSOLUTE
    _printf_widthprec                        0x00000000   Number         0  stubs.o ABSOLUTE
    _printf_x                                0x00000000   Number         0  stubs.o ABSOLUTE
    __cpp_initialize__aeabi_                  - Undefined Weak Reference
    __cxa_finalize                            - Undefined Weak Reference
    _clock_init                               - Undefined Weak Reference
    _microlib_exit                            - Undefined Weak Reference
    __Vectors_Size                           0x000000ec   Number         0  startup_stm32f10x_md.o ABSOLUTE
    __Vectors                                0x08000000   Data           4  startup_stm32f10x_md.o(RESET)
    __Vectors_End                            0x080000ec   Data           0  startup_stm32f10x_md.o(RESET)
    __main                                   0x080000ed   Thumb Code     0  entry.o(.ARM.Collect$$$$00000000)
    _main_stk                                0x080000ed   Thumb Code     0  entry2.o(.ARM.Collect$$$$00000001)
    _main_scatterload                        0x080000f1   Thumb Code     0  entry5.o(.ARM.Collect$$$$00000004)
    __main_after_scatterload                 0x080000f5   Thumb Code     0  entry5.o(.ARM.Collect$$$$00000004)
    _main_clock                              0x080000f5   Thumb Code     0  entry7b.o(.ARM.Collect$$$$00000008)
    _main_cpp_init                           0x080000f5   Thumb Code     0  entry8b.o(.ARM.Collect$$$$0000000A)
    _main_init                               0x080000f5   Thumb Code     0  entry9a.o(.ARM.Collect$$$$0000000B)
    __rt_final_cpp                           0x080000fd   Thumb Code     0  entry10a.o(.ARM.Collect$$$$0000000D)
    __rt_final_exit                          0x080000fd   Thumb Code     0  entry11a.o(.ARM.Collect$$$$0000000F)
    Reset_Handler                            0x08000101   Thumb Code     8  startup_stm32f10x_md.o(.text)
    ADC1_2_IRQHandler                        0x0800011b   Thumb Code     0  startup_stm32f10x_md.o(.text)
    CAN1_RX1_IRQHandler                      0x0800011b   Thumb Code     0  startup_stm32f10x_md.o(.text)
    CAN1_SCE_IRQHandler                      0x0800011b   Thumb Code     0  startup_stm32f10x_md.o(.text)
    DMA1_Channel1_IRQHandler                 0x0800011b   Thumb Code     0  startup_stm32f10x_md.o(.text)
    DMA1_Channel2_IRQHandler                 0x0800011b   Thumb Code     0  startup_stm32f10x_md.o(.text)
    DMA1_Channel3_IRQHandler                 0x0800011b   Thumb Code     0  startup_stm32f10x_md.o(.text)
    DMA1_Channel4_IRQHandler                 0x0800011b   Thumb Code     0  startup_stm32f10x_md.o(.text)
    DMA1_Channel5_IRQHandler                 0x0800011b   Thumb Code     0  startup_stm32f10x_md.o(.text)
    DMA1_Channel6_IRQHandler                 0x0800011b   Thumb Code     0  startup_stm32f10x_md.o(.text)
    DMA1_Channel7_IRQHandler                 0x0800011b   Thumb Code     0  startup_stm32f10x_md.o(.text)
    EXTI0_IRQHandler                         0x0800011b   Thumb Code     0  startup_stm32f10x_md.o(.text)
    EXTI15_10_IRQHandler                     0x0800011b   Thumb Code     0  startup_stm32f10x_md.o(.text)
    EXTI2_IRQHandler                         0x0800011b   Thumb Code     0  startup_stm32f10x_md.o(.text)
    EXTI3_IRQHandler                         0x0800011b   Thumb Code     0  startup_stm32f10x_md.o(.text)
    EXTI4_IRQHandler                         0x0800011b   Thumb Code     0  startup_stm32f10x_md.o(.text)
    FLASH_IRQHandler                         0x0800011b   Thumb Code     0  startup_stm32f10x_md.o(.text)
    I2C1_ER_IRQHandler                       0x0800011b   Thumb Code     0  startup_stm32f10x_md.o(.text)
    I2C1_EV_IRQHandler                       0x0800011b   Thumb Code     0  startup_stm32f10x_md.o(.text)
    I2C2_ER_IRQHandler                       0x0800011b   Thumb Code     0  startup_stm32f10x_md.o(.text)
    I2C2_EV_IRQHandler                       0x0800011b   Thumb Code     0  startup_stm32f10x_md.o(.text)
    PVD_IRQHandler                           0x0800011b   Thumb Code     0  startup_stm32f10x_md.o(.text)
    RCC_IRQHandler                           0x0800011b   Thumb Code     0  startup_stm32f10x_md.o(.text)
    RTCAlarm_IRQHandler                      0x0800011b   Thumb Code     0  startup_stm32f10x_md.o(.text)
    RTC_IRQHandler                           0x0800011b   Thumb Code     0  startup_stm32f10x_md.o(.text)
    SPI1_IRQHandler                          0x0800011b   Thumb Code     0  startup_stm32f10x_md.o(.text)
    SPI2_IRQHandler                          0x0800011b   Thumb Code     0  startup_stm32f10x_md.o(.text)
    TAMPER_IRQHandler                        0x0800011b   Thumb Code     0  startup_stm32f10x_md.o(.text)
    TIM1_BRK_IRQHandler                      0x0800011b   Thumb Code     0  startup_stm32f10x_md.o(.text)
    TIM1_CC_IRQHandler                       0x0800011b   Thumb Code     0  startup_stm32f10x_md.o(.text)
    TIM1_TRG_COM_IRQHandler                  0x0800011b   Thumb Code     0  startup_stm32f10x_md.o(.text)
    TIM1_UP_IRQHandler                       0x0800011b   Thumb Code     0  startup_stm32f10x_md.o(.text)
    USBWakeUp_IRQHandler                     0x0800011b   Thumb Code     0  startup_stm32f10x_md.o(.text)
    USB_HP_CAN1_TX_IRQHandler                0x0800011b   Thumb Code     0  startup_stm32f10x_md.o(.text)
    USB_LP_CAN1_RX0_IRQHandler               0x0800011b   Thumb Code     0  startup_stm32f10x_md.o(.text)
    WWDG_IRQHandler                          0x0800011b   Thumb Code     0  startup_stm32f10x_md.o(.text)
    __aeabi_memcpy                           0x08000125   Thumb Code    36  memcpya.o(.text)
    __aeabi_memcpy4                          0x08000125   Thumb Code     0  memcpya.o(.text)
    __aeabi_memcpy8                          0x08000125   Thumb Code     0  memcpya.o(.text)
    __aeabi_i2f                              0x08000149   Thumb Code    18  fflti.o(.text)
    __aeabi_f2iz                             0x0800015b   Thumb Code    50  ffixi.o(.text)
    __aeabi_f2uiz                            0x0800018d   Thumb Code    40  ffixui.o(.text)
    __aeabi_cfrcmple                         0x080001b5   Thumb Code    20  cfrcmple.o(.text)
    __aeabi_uldivmod                         0x080001c9   Thumb Code    98  uldiv.o(.text)
    __I$use$fp                               0x0800022b   Thumb Code     0  iusefp.o(.text)
    _float_round                             0x0800022b   Thumb Code    18  fepilogue.o(.text)
    _float_epilogue                          0x0800023d   Thumb Code    92  fepilogue.o(.text)
    __scatterload                            0x08000299   Thumb Code    28  init.o(.text)
    __scatterload_rt2                        0x08000299   Thumb Code     0  init.o(.text)
    __aeabi_llsl                             0x080002bd   Thumb Code    30  llshl.o(.text)
    _ll_shift_l                              0x080002bd   Thumb Code     0  llshl.o(.text)
    __aeabi_llsr                             0x080002db   Thumb Code    32  llushr.o(.text)
    _ll_ushift_r                             0x080002db   Thumb Code     0  llushr.o(.text)
    __decompress                             0x080002fb   Thumb Code     0  __dczerorl2.o(.text)
    __decompress1                            0x080002fb   Thumb Code    86  __dczerorl2.o(.text)
    AD7606Initialization                     0x08000351   Thumb Code    12  adc_acquire.o(i.AD7606Initialization)
    AD7606ReadOneSample                      0x0800035d   Thumb Code   118  adc_acquire.o(i.AD7606ReadOneSample)
    AD7606Reset                              0x080003e1   Thumb Code    28  adc_acquire.o(i.AD7606Reset)
    BusFault_Handler                         0x08000401   Thumb Code     4  stm32f10x_it.o(i.BusFault_Handler)
    DebugMon_Handler                         0x08000405   Thumb Code     2  stm32f10x_it.o(i.DebugMon_Handler)
    EXTI1_IRQHandler                         0x08000409   Thumb Code    64  function.o(i.EXTI1_IRQHandler)
    EXTI9_5_IRQHandler                       0x08000451   Thumb Code    94  main.o(i.EXTI9_5_IRQHandler)
    EXTI_ClearFlag                           0x080004c1   Thumb Code     6  stm32f10x_exti.o(i.EXTI_ClearFlag)
    EXTI_ClearITPendingBit                   0x080004cd   Thumb Code     6  stm32f10x_exti.o(i.EXTI_ClearITPendingBit)
    EXTI_DeInit                              0x080004d9   Thumb Code    28  stm32f10x_exti.o(i.EXTI_DeInit)
    EXTI_GetITStatus                         0x080004fd   Thumb Code    34  stm32f10x_exti.o(i.EXTI_GetITStatus)
    EXTI_Init                                0x08000525   Thumb Code   142  stm32f10x_exti.o(i.EXTI_Init)
    ExtINTConfig                             0x080005b9   Thumb Code   110  main.o(i.ExtINTConfig)
    FLASH_ClearFlag                          0x0800062d   Thumb Code     6  stm32f10x_flash.o(i.FLASH_ClearFlag)
    FLASH_ErasePage                          0x08000639   Thumb Code    72  stm32f10x_flash.o(i.FLASH_ErasePage)
    FLASH_GetBank1Status                     0x08000685   Thumb Code    48  stm32f10x_flash.o(i.FLASH_GetBank1Status)
    FLASH_Lock                               0x080006b9   Thumb Code    14  stm32f10x_flash.o(i.FLASH_Lock)
    FLASH_ProgramHalfWord                    0x080006cd   Thumb Code    60  stm32f10x_flash.o(i.FLASH_ProgramHalfWord)
    FLASH_Unlock                             0x0800070d   Thumb Code    12  stm32f10x_flash.o(i.FLASH_Unlock)
    FLASH_WaitForLastOperation               0x08000725   Thumb Code    38  stm32f10x_flash.o(i.FLASH_WaitForLastOperation)
    FLASH_WriteByte                          0x0800074d   Thumb Code    42  read_write_flash.o(i.FLASH_WriteByte)
    GPIO_EXTILineConfig                      0x0800077d   Thumb Code    60  stm32f10x_gpio.o(i.GPIO_EXTILineConfig)
    GPIO_Init                                0x080007bd   Thumb Code   278  stm32f10x_gpio.o(i.GPIO_Init)
    GPIO_ReadInputDataBit                    0x080008d3   Thumb Code    18  stm32f10x_gpio.o(i.GPIO_ReadInputDataBit)
    GPIO_ResetBits                           0x080008e5   Thumb Code     4  stm32f10x_gpio.o(i.GPIO_ResetBits)
    GPIO_SetBits                             0x080008e9   Thumb Code     4  stm32f10x_gpio.o(i.GPIO_SetBits)
    HardFault_Handler                        0x080008ed   Thumb Code     4  stm32f10x_it.o(i.HardFault_Handler)
    IINCHIP_READ                             0x080008f1   Thumb Code    50  w5500_conf.o(i.IINCHIP_READ)
    IINCHIP_SpiSendData                      0x08000923   Thumb Code    12  w5500_conf.o(i.IINCHIP_SpiSendData)
    IINCHIP_WRITE                            0x0800092f   Thumb Code    50  w5500_conf.o(i.IINCHIP_WRITE)
    IO_Configuration                         0x08000961   Thumb Code   198  adc_acquire.o(i.IO_Configuration)
    MemManage_Handler                        0x08000a39   Thumb Code     4  stm32f10x_it.o(i.MemManage_Handler)
    NMI_Handler                              0x08000a3d   Thumb Code     2  stm32f10x_it.o(i.NMI_Handler)
    NVIC_Init                                0x08000a65   Thumb Code   100  misc.o(i.NVIC_Init)
    NVIC_PriorityGroupConfig                 0x08000ad5   Thumb Code    10  misc.o(i.NVIC_PriorityGroupConfig)
    PWMON                                    0x08000ae9   Thumb Code   176  main.o(i.PWMON)
    PendSV_Handler                           0x08000ba5   Thumb Code     2  stm32f10x_it.o(i.PendSV_Handler)
    RCC_APB1PeriphClockCmd                   0x08000ba9   Thumb Code    26  stm32f10x_rcc.o(i.RCC_APB1PeriphClockCmd)
    RCC_APB1PeriphResetCmd                   0x08000bc9   Thumb Code    26  stm32f10x_rcc.o(i.RCC_APB1PeriphResetCmd)
    RCC_APB2PeriphClockCmd                   0x08000be9   Thumb Code    26  stm32f10x_rcc.o(i.RCC_APB2PeriphClockCmd)
    RCC_APB2PeriphResetCmd                   0x08000c09   Thumb Code    26  stm32f10x_rcc.o(i.RCC_APB2PeriphResetCmd)
    RCC_GetClocksFreq                        0x08000c29   Thumb Code   192  stm32f10x_rcc.o(i.RCC_GetClocksFreq)
    SPI_Cmd                                  0x08000cfd   Thumb Code    24  stm32f10x_spi.o(i.SPI_Cmd)
    SPI_FLASH_Init                           0x08000d15   Thumb Code   178  bsp_spi_flash.o(i.SPI_FLASH_Init)
    SPI_FLASH_SendByte                       0x08000dd1   Thumb Code    50  bsp_spi_flash.o(i.SPI_FLASH_SendByte)
    SPI_I2S_GetFlagStatus                    0x08000e09   Thumb Code    18  stm32f10x_spi.o(i.SPI_I2S_GetFlagStatus)
    SPI_I2S_ReceiveData                      0x08000e1b   Thumb Code     6  stm32f10x_spi.o(i.SPI_I2S_ReceiveData)
    SPI_I2S_SendData                         0x08000e21   Thumb Code     4  stm32f10x_spi.o(i.SPI_I2S_SendData)
    SPI_Init                                 0x08000e25   Thumb Code    60  stm32f10x_spi.o(i.SPI_Init)
    SVC_Handler                              0x08000e61   Thumb Code     2  stm32f10x_it.o(i.SVC_Handler)
    SysTick_Handler                          0x08000f4d   Thumb Code     2  stm32f10x_it.o(i.SysTick_Handler)
    SystemInit                               0x08000f51   Thumb Code    78  system_stm32f10x.o(i.SystemInit)
    TIM2_IRQHandler                          0x08000fb1   Thumb Code    26  stm32f10x_it.o(i.TIM2_IRQHandler)
    TIM3_IRQHandler                          0x08000fcd   Thumb Code    84  function.o(i.TIM3_IRQHandler)
    TIM3_Init                                0x08001039   Thumb Code    90  function.o(i.TIM3_Init)
    TIM4_IRQHandler                          0x08001099   Thumb Code    44  function.o(i.TIM4_IRQHandler)
    TIM_ARRPreloadConfig                     0x080010cd   Thumb Code    24  stm32f10x_tim.o(i.TIM_ARRPreloadConfig)
    TIM_ClearITPendingBit                    0x080010e5   Thumb Code     6  stm32f10x_tim.o(i.TIM_ClearITPendingBit)
    TIM_Cmd                                  0x080010eb   Thumb Code    24  stm32f10x_tim.o(i.TIM_Cmd)
    TIM_CounterModeConfig                    0x08001103   Thumb Code    18  stm32f10x_tim.o(i.TIM_CounterModeConfig)
    TIM_DeInit                               0x08001115   Thumb Code   424  stm32f10x_tim.o(i.TIM_DeInit)
    TIM_GetITStatus                          0x080012fd   Thumb Code    34  stm32f10x_tim.o(i.TIM_GetITStatus)
    TIM_ITConfig                             0x0800131f   Thumb Code    18  stm32f10x_tim.o(i.TIM_ITConfig)
    TIM_OC2Init                              0x08001331   Thumb Code   154  stm32f10x_tim.o(i.TIM_OC2Init)
    TIM_OC2PreloadConfig                     0x080013d5   Thumb Code    26  stm32f10x_tim.o(i.TIM_OC2PreloadConfig)
    TIM_TimeBaseInit                         0x080013f1   Thumb Code   122  stm32f10x_tim.o(i.TIM_TimeBaseInit)
    UDP_rec                                  0x08001495   Thumb Code    94  main.o(i.UDP_rec)
    UDP_send_message                         0x08001511   Thumb Code   118  main.o(i.UDP_send_message)
    USART1_Config                            0x080015a1   Thumb Code   142  bsp_usart1.o(i.USART1_Config)
    USART1_IRQHandler                        0x08001639   Thumb Code    84  bsp_usart1.o(i.USART1_IRQHandler)
    USART2_IRQHandler                        0x0800169d   Thumb Code   130  bsp_usart1.o(i.USART2_IRQHandler)
    USART3_IRQHandler                        0x08001735   Thumb Code   130  bsp_usart1.o(i.USART3_IRQHandler)
    USART_ClearITPendingBit                  0x080017cd   Thumb Code    30  stm32f10x_usart.o(i.USART_ClearITPendingBit)
    USART_Cmd                                0x080017eb   Thumb Code    24  stm32f10x_usart.o(i.USART_Cmd)
    USART_GetFlagStatus                      0x08001803   Thumb Code    26  stm32f10x_usart.o(i.USART_GetFlagStatus)
    USART_GetITStatus                        0x0800181d   Thumb Code    84  stm32f10x_usart.o(i.USART_GetITStatus)
    USART_ITConfig                           0x08001871   Thumb Code    74  stm32f10x_usart.o(i.USART_ITConfig)
    USART_Init                               0x080018bd   Thumb Code   210  stm32f10x_usart.o(i.USART_Init)
    USART_ReceiveData                        0x08001995   Thumb Code    10  stm32f10x_usart.o(i.USART_ReceiveData)
    USART_SendData                           0x0800199f   Thumb Code     8  stm32f10x_usart.o(i.USART_SendData)
    Uart1_SendByte                           0x080019a9   Thumb Code    28  bsp_usart1.o(i.Uart1_SendByte)
    UsageFault_Handler                       0x080019c9   Thumb Code     4  stm32f10x_it.o(i.UsageFault_Handler)
    __0printf$8                              0x080019cd   Thumb Code    22  printf8.o(i.__0printf$8)
    __1printf$8                              0x080019cd   Thumb Code     0  printf8.o(i.__0printf$8)
    __2printf                                0x080019cd   Thumb Code     0  printf8.o(i.__0printf$8)
    __scatterload_copy                       0x080019ed   Thumb Code    14  handlers.o(i.__scatterload_copy)
    __scatterload_null                       0x080019fb   Thumb Code     2  handlers.o(i.__scatterload_null)
    __scatterload_zeroinit                   0x080019fd   Thumb Code    14  handlers.o(i.__scatterload_zeroinit)
    close                                    0x08001e6f   Thumb Code    52  socket.o(i.close)
    delay_ms                                 0x08001ea5   Thumb Code    56  utility.o(i.delay_ms)
    delay_us                                 0x08001ee1   Thumb Code    56  utility.o(i.delay_us)
    do_udp                                   0x08001f1d   Thumb Code    64  udp_demo.o(i.do_udp)
    ee_ReadBytes                             0x08001f61   Thumb Code   112  bsp_i2c_ee.o(i.ee_ReadBytes)
    ee_WriteBytes                            0x08001fd1   Thumb Code   126  bsp_i2c_ee.o(i.ee_WriteBytes)
    fputc                                    0x08002051   Thumb Code    32  bsp_usart1.o(i.fputc)
    getGAR                                   0x08002075   Thumb Code    16  w5500.o(i.getGAR)
    getIINCHIP_TxMAX                         0x08002085   Thumb Code    10  w5500.o(i.getIINCHIP_TxMAX)
    getSIPR                                  0x08002095   Thumb Code    18  w5500.o(i.getSIPR)
    getSUBR                                  0x080020a7   Thumb Code    18  w5500.o(i.getSUBR)
    getSn_IR                                 0x080020b9   Thumb Code    18  w5500.o(i.getSn_IR)
    getSn_RX_RSR                             0x080020cb   Thumb Code    84  w5500.o(i.getSn_RX_RSR)
    getSn_SR                                 0x0800211f   Thumb Code    18  w5500.o(i.getSn_SR)
    gpio_for_w5500_config                    0x08002131   Thumb Code    84  w5500_conf.o(i.gpio_for_w5500_config)
    i2c_Ack                                  0x0800218d   Thumb Code    44  bsp_i2c_gpio.o(i.i2c_Ack)
    i2c_NAck                                 0x080021cd   Thumb Code    36  bsp_i2c_gpio.o(i.i2c_NAck)
    i2c_ReadByte                             0x080021f5   Thumb Code    62  bsp_i2c_gpio.o(i.i2c_ReadByte)
    i2c_SendByte                             0x08002239   Thumb Code    80  bsp_i2c_gpio.o(i.i2c_SendByte)
    i2c_Start                                0x0800228d   Thumb Code    42  bsp_i2c_gpio.o(i.i2c_Start)
    i2c_Stop                                 0x080022bd   Thumb Code    28  bsp_i2c_gpio.o(i.i2c_Stop)
    i2c_WaitAck                              0x080022dd   Thumb Code    56  bsp_i2c_gpio.o(i.i2c_WaitAck)
    iinchip_csoff                            0x08002319   Thumb Code    10  w5500_conf.o(i.iinchip_csoff)
    iinchip_cson                             0x08002323   Thumb Code    10  w5500_conf.o(i.iinchip_cson)
    main                                     0x0800232d   Thumb Code  1606  main.o(i.main)
    read_config_from_eeprom                  0x080029b1   Thumb Code    20  w5500_conf.o(i.read_config_from_eeprom)
    recvfrom                                 0x080029c9   Thumb Code   492  socket.o(i.recvfrom)
    reset_w5500                              0x08002bcd   Thumb Code    38  w5500_conf.o(i.reset_w5500)
    send_data_processing                     0x08002bf9   Thumb Code   116  w5500.o(i.send_data_processing)
    sendto                                   0x08002c8d   Thumb Code   268  socket.o(i.sendto)
    setGAR                                   0x08002d99   Thumb Code    16  w5500.o(i.setGAR)
    setSHAR                                  0x08002da9   Thumb Code    18  w5500.o(i.setSHAR)
    setSIPR                                  0x08002dbb   Thumb Code    18  w5500.o(i.setSIPR)
    setSUBR                                  0x08002dcd   Thumb Code    18  w5500.o(i.setSUBR)
    setSn_IR                                 0x08002ddf   Thumb Code    22  w5500.o(i.setSn_IR)
    set_w5500_ip                             0x08002df5   Thumb Code   334  w5500_conf.o(i.set_w5500_ip)
    set_w5500_mac                            0x08003069   Thumb Code    32  w5500_conf.o(i.set_w5500_mac)
    socket                                   0x08003095   Thumb Code   192  socket.o(i.socket)
    socket_buf_init                          0x08003159   Thumb Code   128  w5500.o(i.socket_buf_init)
    systick_init                             0x080031e1   Thumb Code    56  utility.o(i.systick_init)
    timer2_isr                               0x08003221   Thumb Code    46  w5500_conf.o(i.timer2_isr)
    wiz_cs                                   0x0800325d   Thumb Code    32  w5500_conf.o(i.wiz_cs)
    wiz_read_buf                             0x08003281   Thumb Code    78  w5500_conf.o(i.wiz_read_buf)
    wiz_write_buf                            0x080032e9   Thumb Code    80  w5500_conf.o(i.wiz_write_buf)
    write_config_to_eeprom                   0x08003351   Thumb Code    22  w5500_conf.o(i.write_config_to_eeprom)
    Region$$Table$$Base                      0x0800336c   Number         0  anon$$obj.o(Region$$Table)
    Region$$Table$$Limit                     0x0800338c   Number         0  anon$$obj.o(Region$$Table)
    RS_1000                                  0x20000014   Data           4  main.o(.data)
    zero_T_cnt                               0x20000018   Data           1  main.o(.data)
    sum_zero_T                               0x2000001c   Data           4  main.o(.data)
    max_min_temp                             0x20000020   Data           2  main.o(.data)
    actual_T_cnt                             0x20000022   Data           1  main.o(.data)
    zero_flag                                0x20000023   Data           1  main.o(.data)
    sum_flag                                 0x20000024   Data           2  main.o(.data)
    sum_actual_T                             0x20000028   Data           4  main.o(.data)
    T_type                                   0x2000002c   Data           1  main.o(.data)
    m_func_status                            0x2000002d   Data           1  main.o(.data)
    m_work_status                            0x2000002e   Data           1  main.o(.data)
    m_work_status_adj                        0x2000002f   Data           1  main.o(.data)
    Gas_pre_one                              0x20000030   Data           2  main.o(.data)
    Gas_pre_two                              0x20000032   Data           2  main.o(.data)
    Max_Meas_Time                            0x20000034   Data           2  main.o(.data)
    Interval                                 0x20000036   Data           2  main.o(.data)
    Lv_Par                                   0x20000038   Data           2  main.o(.data)
    Low_Par                                  0x2000003a   Data           2  main.o(.data)
    parameter1                               0x2000003c   Data           1  main.o(.data)
    parameter2                               0x2000003d   Data           1  main.o(.data)
    ppm_real0                                0x20000040   Data           4  main.o(.data)
    ppm_real1                                0x20000044   Data           4  main.o(.data)
    ppm_real2                                0x20000048   Data           4  main.o(.data)
    ppm_real3                                0x2000004c   Data           4  main.o(.data)
    read_press                               0x20000050   Data           8  main.o(.data)
    read_press1                              0x20000058   Data           8  main.o(.data)
    read_H2                                  0x20000060   Data           4  main.o(.data)
    Zero_H2                                  0x20000064   Data           7  main.o(.data)
    Zero_setting                             0x2000006b   Data           8  main.o(.data)
    read_thermal                             0x20000073   Data           5  main.o(.data)
    one_time                                 0x20000078   Data           1  main.o(.data)
    one_time_flag                            0x20000079   Data           1  main.o(.data)
    r_len                                    0x2000007a   Data           2  main.o(.data)
    Gas_Blow_Pre                             0x2000007c   Data           4  main.o(.data)
    Gas_Suc_Pre                              0x20000080   Data           4  main.o(.data)
    Total_Pre_b                              0x20000084   Data           4  main.o(.data)
    Total_Pre_s                              0x20000088   Data           4  main.o(.data)
    H_PPM1                                   0x2000008c   Data           1  main.o(.data)
    H_PPM2                                   0x2000008d   Data           1  main.o(.data)
    H_PPM3                                   0x2000008e   Data           1  main.o(.data)
    H_PPM4                                   0x2000008f   Data           1  main.o(.data)
    H_PPM5                                   0x20000090   Data           1  main.o(.data)
    H_PPM_temp                               0x20000091   Data           1  main.o(.data)
    Thermal1                                 0x20000092   Data           1  main.o(.data)
    Thermal2                                 0x20000093   Data           1  main.o(.data)
    Thermal3                                 0x20000094   Data           1  main.o(.data)
    Thermal4                                 0x20000095   Data           1  main.o(.data)
    real_H1                                  0x20000096   Data           1  main.o(.data)
    real_H2                                  0x20000097   Data           1  main.o(.data)
    real_H3                                  0x20000098   Data           1  main.o(.data)
    real_H4                                  0x20000099   Data           1  main.o(.data)
    Temp1                                    0x2000009a   Data           1  main.o(.data)
    Temp2                                    0x2000009b   Data           1  main.o(.data)
    Temp3                                    0x2000009c   Data           1  main.o(.data)
    Temp4                                    0x2000009d   Data           1  main.o(.data)
    H2_Zero                                  0x200000a0   Data           4  main.o(.data)
    Temp_H                                   0x200000a4   Data           2  main.o(.data)
    Humidity                                 0x200000a6   Data           2  main.o(.data)
    H_PPM                                    0x200000a8   Data           4  main.o(.data)
    Thermal                                  0x200000ac   Data           4  main.o(.data)
    T_temp                                   0x200000b0   Data           4  main.o(.data)
    PPM_rec_flag                             0x200000b4   Data           1  main.o(.data)
    yuzhi                                    0x200000b8   Data           4  main.o(.data)
    real_H                                   0x200000bc   Data           4  main.o(.data)
    H_com_pre                                0x200000c0   Data           4  main.o(.data)
    Pre_s                                    0x200000c4   Data           4  main.o(.data)
    cnt                                      0x200000c8   Data           1  main.o(.data)
    cnt_temp                                 0x200000c9   Data           1  main.o(.data)
    Abs_result_H                             0x200000cc   Data           4  main.o(.data)
    LEAK_PARA                                0x200000d0   Data           2  main.o(.data)
    read_data_from_flash                     0x200000d2   Data           1  main.o(.data)
    point_flash                              0x200000d4   Data           4  main.o(.data)
    enable_flag                              0x200000d8   Data           1  main.o(.data)
    socketstatus                             0x200000d9   Data           1  main.o(.data)
    i                                        0x200000da   Data           1  main.o(.data)
    zero_setting                             0x200000dc   Data           4  main.o(.data)
    scount                                   0x200000e0   Data           4  main.o(.data)
    Fs                                       0x200000e4   Data           4  main.o(.data)
    array                                    0x200000e8   Data           6  main.o(.data)
    IPnum                                    0x200000ee   Data          13  main.o(.data)
    one_convert_flag                         0x200000fb   Data           1  main.o(.data)
    uart_p                                   0x200000fc   Data           2  bsp_usart1.o(.data)
    uart_buff                                0x200000fe   Data           7  bsp_usart1.o(.data)
    uart_full_flag                           0x20000105   Data           1  bsp_usart1.o(.data)
    uart_rec_size                            0x20000106   Data           1  bsp_usart1.o(.data)
    uart3_p                                  0x20000108   Data           2  bsp_usart1.o(.data)
    uart3_buff                               0x2000010a   Data           7  bsp_usart1.o(.data)
    uart3_full_flag                          0x20000111   Data           1  bsp_usart1.o(.data)
    uart3_rec_size                           0x20000112   Data           1  bsp_usart1.o(.data)
    uart1_p                                  0x20000114   Data           2  bsp_usart1.o(.data)
    temp                                     0x20000116   Data           1  bsp_usart1.o(.data)
    uart1_rec_flag                           0x20000117   Data           1  bsp_usart1.o(.data)
    mac                                      0x20000118   Data           6  w5500_conf.o(.data)
    local_ip                                 0x2000011e   Data           4  w5500_conf.o(.data)
    subnet                                   0x20000122   Data           4  w5500_conf.o(.data)
    gateway                                  0x20000126   Data           4  w5500_conf.o(.data)
    dns_server                               0x2000012a   Data           4  w5500_conf.o(.data)
    local_port                               0x2000012e   Data           2  w5500_conf.o(.data)
    remote_ip1                               0x20000130   Data           4  w5500_conf.o(.data)
    remote_ip                                0x20000134   Data           4  w5500_conf.o(.data)
    remote_port                              0x20000138   Data           2  w5500_conf.o(.data)
    ip_from                                  0x2000013a   Data           1  w5500_conf.o(.data)
    dhcp_ok                                  0x2000013b   Data           1  w5500_conf.o(.data)
    ms                                       0x2000013c   Data           4  w5500_conf.o(.data)
    dhcp_time                                0x20000140   Data           4  w5500_conf.o(.data)
    ntptimer                                 0x20000144   Data           1  w5500_conf.o(.data)
    txsize                                   0x20000145   Data           8  w5500.o(.data)
    rxsize                                   0x2000014d   Data           8  w5500.o(.data)
    sec_flag                                 0x2000015a   Data           1  function.o(.data)
    Flush_Sec                                0x2000015b   Data           1  function.o(.data)
    sec_cnt                                  0x2000015c   Data           1  function.o(.data)
    flag_10s                                 0x2000015d   Data           1  function.o(.data)
    startcurve                               0x2000015e   Data           1  function.o(.data)
    button_trigger_flag                      0x2000015f   Data           1  function.o(.data)
    __stdout                                 0x20000160   Data           4  stdout.o(.data)
    actual_T_vol                             0x20000164   Data          80  main.o(.bss)
    ADC_ConvertedValueLocal                  0x200001b4   Data          12  main.o(.bss)
    str_tran                                 0x200001c0   Data          15  main.o(.bss)
    rec_buffer                               0x200001cf   Data          30  main.o(.bss)
    buff                                     0x200001ed   Data          37  main.o(.bss)
    result_H                                 0x20000214   Data          40  main.o(.bss)
    filter_H                                 0x2000023c   Data          40  main.o(.bss)
    DataA                                    0x20000264   Data          16  main.o(.bss)
    Send_Data_Buffer                         0x20000274   Data        2048  main.o(.bss)
    uart1_buff                               0x20000a74   Data          22  bsp_usart1.o(.bss)
    ConfigMsg                                0x20000a8a   Data          28  w5500_conf.o(.bss)
    EEPROM_MSG                               0x20000aa6   Data          18  w5500_conf.o(.bss)
    SSIZE                                    0x20000ab8   Data          16  w5500.o(.bss)
    RSIZE                                    0x20000ac8   Data          16  w5500.o(.bss)
    DHCP_GET                                 0x20000ad8   Data          22  dhcp.o(.bss)
    EXTERN_DHCPBUF                           0x20000aee   Data        1024  dhcp.o(.bss)
    __initial_sp                             0x200012f0   Data           0  startup_stm32f10x_md.o(STACK)



==============================================================================

Memory Map of the image

  Image Entry point : 0x080000ed

  Load Region LR_IROM1 (Base: 0x08000000, Size: 0x000034f0, Max: 0x00080000, ABSOLUTE, COMPRESSED[0x00003410])

    Execution Region ER_IROM1 (Base: 0x08000000, Size: 0x0000338c, Max: 0x00080000, ABSOLUTE)

    Base Addr    Size         Type   Attr      Idx    E Section Name        Object

    0x08000000   0x000000ec   Data   RO            3    RESET               startup_stm32f10x_md.o
    0x080000ec   0x00000000   Code   RO         3414  * .ARM.Collect$$$$00000000  mc_w.l(entry.o)
    0x080000ec   0x00000004   Code   RO         3708    .ARM.Collect$$$$00000001  mc_w.l(entry2.o)
    0x080000f0   0x00000004   Code   RO         3711    .ARM.Collect$$$$00000004  mc_w.l(entry5.o)
    0x080000f4   0x00000000   Code   RO         3713    .ARM.Collect$$$$00000008  mc_w.l(entry7b.o)
    0x080000f4   0x00000000   Code   RO         3715    .ARM.Collect$$$$0000000A  mc_w.l(entry8b.o)
    0x080000f4   0x00000008   Code   RO         3716    .ARM.Collect$$$$0000000B  mc_w.l(entry9a.o)
    0x080000fc   0x00000000   Code   RO         3718    .ARM.Collect$$$$0000000D  mc_w.l(entry10a.o)
    0x080000fc   0x00000000   Code   RO         3720    .ARM.Collect$$$$0000000F  mc_w.l(entry11a.o)
    0x080000fc   0x00000004   Code   RO         3709    .ARM.Collect$$$$00002712  mc_w.l(entry2.o)
    0x08000100   0x00000024   Code   RO            4    .text               startup_stm32f10x_md.o
    0x08000124   0x00000024   Code   RO         3417    .text               mc_w.l(memcpya.o)
    0x08000148   0x00000012   Code   RO         3700    .text               mf_w.l(fflti.o)
    0x0800015a   0x00000032   Code   RO         3702    .text               mf_w.l(ffixi.o)
    0x0800018c   0x00000028   Code   RO         3704    .text               mf_w.l(ffixui.o)
    0x080001b4   0x00000014   Code   RO         3706    .text               mf_w.l(cfrcmple.o)
    0x080001c8   0x00000062   Code   RO         3725    .text               mc_w.l(uldiv.o)
    0x0800022a   0x00000000   Code   RO         3727    .text               mc_w.l(iusefp.o)
    0x0800022a   0x0000006e   Code   RO         3728    .text               mf_w.l(fepilogue.o)
    0x08000298   0x00000024   Code   RO         3740    .text               mc_w.l(init.o)
    0x080002bc   0x0000001e   Code   RO         3742    .text               mc_w.l(llshl.o)
    0x080002da   0x00000020   Code   RO         3744    .text               mc_w.l(llushr.o)
    0x080002fa   0x00000056   Code   RO         3758    .text               mc_w.l(__dczerorl2.o)
    0x08000350   0x0000000c   Code   RO         3369    i.AD7606Initialization  adc_acquire.o
    0x0800035c   0x00000084   Code   RO         3371    i.AD7606ReadOneSample  adc_acquire.o
    0x080003e0   0x00000020   Code   RO         3372    i.AD7606Reset       adc_acquire.o
    0x08000400   0x00000004   Code   RO         2107    i.BusFault_Handler  stm32f10x_it.o
    0x08000404   0x00000002   Code   RO         2108    i.DebugMon_Handler  stm32f10x_it.o
    0x08000406   0x00000002   PAD
    0x08000408   0x00000048   Code   RO         3288    i.EXTI1_IRQHandler  function.o
    0x08000450   0x00000070   Code   RO         1963    i.EXTI9_5_IRQHandler  main.o
    0x080004c0   0x0000000c   Code   RO          255    i.EXTI_ClearFlag    stm32f10x_exti.o
    0x080004cc   0x0000000c   Code   RO          256    i.EXTI_ClearITPendingBit  stm32f10x_exti.o
    0x080004d8   0x00000024   Code   RO          257    i.EXTI_DeInit       stm32f10x_exti.o
    0x080004fc   0x00000028   Code   RO          260    i.EXTI_GetITStatus  stm32f10x_exti.o
    0x08000524   0x00000094   Code   RO          261    i.EXTI_Init         stm32f10x_exti.o
    0x080005b8   0x00000074   Code   RO         1964    i.ExtINTConfig      main.o
    0x0800062c   0x0000000c   Code   RO          309    i.FLASH_ClearFlag   stm32f10x_flash.o
    0x08000638   0x0000004c   Code   RO          314    i.FLASH_ErasePage   stm32f10x_flash.o
    0x08000684   0x00000034   Code   RO          315    i.FLASH_GetBank1Status  stm32f10x_flash.o
    0x080006b8   0x00000014   Code   RO          324    i.FLASH_Lock        stm32f10x_flash.o
    0x080006cc   0x00000040   Code   RO          327    i.FLASH_ProgramHalfWord  stm32f10x_flash.o
    0x0800070c   0x00000018   Code   RO          332    i.FLASH_Unlock      stm32f10x_flash.o
    0x08000724   0x00000026   Code   RO          336    i.FLASH_WaitForLastOperation  stm32f10x_flash.o
    0x0800074a   0x00000002   PAD
    0x0800074c   0x00000030   Code   RO         3345    i.FLASH_WriteByte   read_write_flash.o
    0x0800077c   0x00000040   Code   RO          630    i.GPIO_EXTILineConfig  stm32f10x_gpio.o
    0x080007bc   0x00000116   Code   RO          633    i.GPIO_Init         stm32f10x_gpio.o
    0x080008d2   0x00000012   Code   RO          637    i.GPIO_ReadInputDataBit  stm32f10x_gpio.o
    0x080008e4   0x00000004   Code   RO          640    i.GPIO_ResetBits    stm32f10x_gpio.o
    0x080008e8   0x00000004   Code   RO          641    i.GPIO_SetBits      stm32f10x_gpio.o
    0x080008ec   0x00000004   Code   RO         2109    i.HardFault_Handler  stm32f10x_it.o
    0x080008f0   0x00000032   Code   RO         2624    i.IINCHIP_READ      w5500_conf.o
    0x08000922   0x0000000c   Code   RO         2625    i.IINCHIP_SpiSendData  w5500_conf.o
    0x0800092e   0x00000032   Code   RO         2626    i.IINCHIP_WRITE     w5500_conf.o
    0x08000960   0x000000d8   Code   RO         3373    i.IO_Configuration  adc_acquire.o
    0x08000a38   0x00000004   Code   RO         2110    i.MemManage_Handler  stm32f10x_it.o
    0x08000a3c   0x00000002   Code   RO         2111    i.NMI_Handler       stm32f10x_it.o
    0x08000a3e   0x00000026   Code   RO         2182    i.NVIC_Configuration1  bsp_usart1.o
    0x08000a64   0x00000070   Code   RO          137    i.NVIC_Init         misc.o
    0x08000ad4   0x00000014   Code   RO          138    i.NVIC_PriorityGroupConfig  misc.o
    0x08000ae8   0x000000bc   Code   RO         1965    i.PWMON             main.o
    0x08000ba4   0x00000002   Code   RO         2112    i.PendSV_Handler    stm32f10x_it.o
    0x08000ba6   0x00000002   PAD
    0x08000ba8   0x00000020   Code   RO          743    i.RCC_APB1PeriphClockCmd  stm32f10x_rcc.o
    0x08000bc8   0x00000020   Code   RO          744    i.RCC_APB1PeriphResetCmd  stm32f10x_rcc.o
    0x08000be8   0x00000020   Code   RO          745    i.RCC_APB2PeriphClockCmd  stm32f10x_rcc.o
    0x08000c08   0x00000020   Code   RO          746    i.RCC_APB2PeriphResetCmd  stm32f10x_rcc.o
    0x08000c28   0x000000d4   Code   RO          753    i.RCC_GetClocksFreq  stm32f10x_rcc.o
    0x08000cfc   0x00000018   Code   RO          488    i.SPI_Cmd           stm32f10x_spi.o
    0x08000d14   0x000000bc   Code   RO         2472    i.SPI_FLASH_Init    bsp_spi_flash.o
    0x08000dd0   0x00000038   Code   RO         2478    i.SPI_FLASH_SendByte  bsp_spi_flash.o
    0x08000e08   0x00000012   Code   RO          496    i.SPI_I2S_GetFlagStatus  stm32f10x_spi.o
    0x08000e1a   0x00000006   Code   RO          499    i.SPI_I2S_ReceiveData  stm32f10x_spi.o
    0x08000e20   0x00000004   Code   RO          500    i.SPI_I2S_SendData  stm32f10x_spi.o
    0x08000e24   0x0000003c   Code   RO          501    i.SPI_Init          stm32f10x_spi.o
    0x08000e60   0x00000002   Code   RO         2113    i.SVC_Handler       stm32f10x_it.o
    0x08000e62   0x00000008   Code   RO           24    i.SetSysClock       system_stm32f10x.o
    0x08000e6a   0x00000002   PAD
    0x08000e6c   0x000000e0   Code   RO           25    i.SetSysClockTo72   system_stm32f10x.o
    0x08000f4c   0x00000002   Code   RO         2114    i.SysTick_Handler   stm32f10x_it.o
    0x08000f4e   0x00000002   PAD
    0x08000f50   0x00000060   Code   RO           27    i.SystemInit        system_stm32f10x.o
    0x08000fb0   0x0000001a   Code   RO         2115    i.TIM2_IRQHandler   stm32f10x_it.o
    0x08000fca   0x00000002   PAD
    0x08000fcc   0x0000006c   Code   RO         3290    i.TIM3_IRQHandler   function.o
    0x08001038   0x00000060   Code   RO         3291    i.TIM3_Init         function.o
    0x08001098   0x00000034   Code   RO         3292    i.TIM4_IRQHandler   function.o
    0x080010cc   0x00000018   Code   RO          945    i.TIM_ARRPreloadConfig  stm32f10x_tim.o
    0x080010e4   0x00000006   Code   RO          952    i.TIM_ClearITPendingBit  stm32f10x_tim.o
    0x080010ea   0x00000018   Code   RO          957    i.TIM_Cmd           stm32f10x_tim.o
    0x08001102   0x00000012   Code   RO          958    i.TIM_CounterModeConfig  stm32f10x_tim.o
    0x08001114   0x000001e8   Code   RO          962    i.TIM_DeInit        stm32f10x_tim.o
    0x080012fc   0x00000022   Code   RO          978    i.TIM_GetITStatus   stm32f10x_tim.o
    0x0800131e   0x00000012   Code   RO          982    i.TIM_ITConfig      stm32f10x_tim.o
    0x08001330   0x000000a4   Code   RO          991    i.TIM_OC2Init       stm32f10x_tim.o
    0x080013d4   0x0000001a   Code   RO          994    i.TIM_OC2PreloadConfig  stm32f10x_tim.o
    0x080013ee   0x00000002   PAD
    0x080013f0   0x000000a4   Code   RO         1028    i.TIM_TimeBaseInit  stm32f10x_tim.o
    0x08001494   0x0000007c   Code   RO         1970    i.UDP_rec           main.o
    0x08001510   0x00000090   Code   RO         1971    i.UDP_send_message  main.o
    0x080015a0   0x00000098   Code   RO         2193    i.USART1_Config     bsp_usart1.o
    0x08001638   0x00000064   Code   RO         2194    i.USART1_IRQHandler  bsp_usart1.o
    0x0800169c   0x00000098   Code   RO         2195    i.USART2_IRQHandler  bsp_usart1.o
    0x08001734   0x00000098   Code   RO         2196    i.USART3_IRQHandler  bsp_usart1.o
    0x080017cc   0x0000001e   Code   RO         1490    i.USART_ClearITPendingBit  stm32f10x_usart.o
    0x080017ea   0x00000018   Code   RO         1493    i.USART_Cmd         stm32f10x_usart.o
    0x08001802   0x0000001a   Code   RO         1496    i.USART_GetFlagStatus  stm32f10x_usart.o
    0x0800181c   0x00000054   Code   RO         1497    i.USART_GetITStatus  stm32f10x_usart.o
    0x08001870   0x0000004a   Code   RO         1499    i.USART_ITConfig    stm32f10x_usart.o
    0x080018ba   0x00000002   PAD
    0x080018bc   0x000000d8   Code   RO         1500    i.USART_Init        stm32f10x_usart.o
    0x08001994   0x0000000a   Code   RO         1507    i.USART_ReceiveData  stm32f10x_usart.o
    0x0800199e   0x00000008   Code   RO         1510    i.USART_SendData    stm32f10x_usart.o
    0x080019a6   0x00000002   PAD
    0x080019a8   0x00000020   Code   RO         2197    i.Uart1_SendByte    bsp_usart1.o
    0x080019c8   0x00000004   Code   RO         2116    i.UsageFault_Handler  stm32f10x_it.o
    0x080019cc   0x00000020   Code   RO         3646    i.__0printf$8       mc_w.l(printf8.o)
    0x080019ec   0x0000000e   Code   RO         3752    i.__scatterload_copy  mc_w.l(handlers.o)
    0x080019fa   0x00000002   Code   RO         3753    i.__scatterload_null  mc_w.l(handlers.o)
    0x080019fc   0x0000000e   Code   RO         3754    i.__scatterload_zeroinit  mc_w.l(handlers.o)
    0x08001a0a   0x00000002   PAD
    0x08001a0c   0x00000410   Code   RO         3653    i._printf_core      mc_w.l(printf8.o)
    0x08001e1c   0x00000024   Code   RO         3654    i._printf_post_padding  mc_w.l(printf8.o)
    0x08001e40   0x0000002e   Code   RO         3655    i._printf_pre_padding  mc_w.l(printf8.o)
    0x08001e6e   0x00000034   Code   RO         2942    i.close             socket.o
    0x08001ea2   0x00000002   PAD
    0x08001ea4   0x0000003c   Code   RO         3018    i.delay_ms          utility.o
    0x08001ee0   0x0000003c   Code   RO         3020    i.delay_us          utility.o
    0x08001f1c   0x00000044   Code   RO         3176    i.do_udp            udp_demo.o
    0x08001f60   0x00000070   Code   RO         2352    i.ee_ReadBytes      bsp_i2c_ee.o
    0x08001fd0   0x0000007e   Code   RO         2354    i.ee_WriteBytes     bsp_i2c_ee.o
    0x0800204e   0x00000002   PAD
    0x08002050   0x00000024   Code   RO         2202    i.fputc             bsp_usart1.o
    0x08002074   0x00000010   Code   RO         2767    i.getGAR            w5500.o
    0x08002084   0x00000010   Code   RO         2769    i.getIINCHIP_TxMAX  w5500.o
    0x08002094   0x00000012   Code   RO         2772    i.getSIPR           w5500.o
    0x080020a6   0x00000012   Code   RO         2773    i.getSUBR           w5500.o
    0x080020b8   0x00000012   Code   RO         2774    i.getSn_IR          w5500.o
    0x080020ca   0x00000054   Code   RO         2775    i.getSn_RX_RSR      w5500.o
    0x0800211e   0x00000012   Code   RO         2776    i.getSn_SR          w5500.o
    0x08002130   0x0000005c   Code   RO         2628    i.gpio_for_w5500_config  w5500_conf.o
    0x0800218c   0x00000030   Code   RO         2400    i.i2c_Ack           bsp_i2c_gpio.o
    0x080021bc   0x0000000e   Code   RO         2403    i.i2c_Delay         bsp_i2c_gpio.o
    0x080021ca   0x00000002   PAD
    0x080021cc   0x00000028   Code   RO         2404    i.i2c_NAck          bsp_i2c_gpio.o
    0x080021f4   0x00000044   Code   RO         2405    i.i2c_ReadByte      bsp_i2c_gpio.o
    0x08002238   0x00000054   Code   RO         2406    i.i2c_SendByte      bsp_i2c_gpio.o
    0x0800228c   0x00000030   Code   RO         2407    i.i2c_Start         bsp_i2c_gpio.o
    0x080022bc   0x00000020   Code   RO         2408    i.i2c_Stop          bsp_i2c_gpio.o
    0x080022dc   0x0000003c   Code   RO         2409    i.i2c_WaitAck       bsp_i2c_gpio.o
    0x08002318   0x0000000a   Code   RO         2629    i.iinchip_csoff     w5500_conf.o
    0x08002322   0x0000000a   Code   RO         2630    i.iinchip_cson      w5500_conf.o
    0x0800232c   0x00000684   Code   RO         1972    i.main              main.o
    0x080029b0   0x00000018   Code   RO         2632    i.read_config_from_eeprom  w5500_conf.o
    0x080029c8   0x00000204   Code   RO         2947    i.recvfrom          socket.o
    0x08002bcc   0x0000002c   Code   RO         2634    i.reset_w5500       w5500_conf.o
    0x08002bf8   0x00000094   Code   RO         2780    i.send_data_processing  w5500.o
    0x08002c8c   0x0000010c   Code   RO         2949    i.sendto            socket.o
    0x08002d98   0x00000010   Code   RO         2781    i.setGAR            w5500.o
    0x08002da8   0x00000012   Code   RO         2785    i.setSHAR           w5500.o
    0x08002dba   0x00000012   Code   RO         2786    i.setSIPR           w5500.o
    0x08002dcc   0x00000012   Code   RO         2787    i.setSUBR           w5500.o
    0x08002dde   0x00000016   Code   RO         2788    i.setSn_IR          w5500.o
    0x08002df4   0x00000274   Code   RO         2635    i.set_w5500_ip      w5500_conf.o
    0x08003068   0x0000002c   Code   RO         2636    i.set_w5500_mac     w5500_conf.o
    0x08003094   0x000000c4   Code   RO         2950    i.socket            socket.o
    0x08003158   0x00000088   Code   RO         2791    i.socket_buf_init   w5500.o
    0x080031e0   0x00000040   Code   RO         3033    i.systick_init      utility.o
    0x08003220   0x0000003c   Code   RO         2638    i.timer2_isr        w5500_conf.o
    0x0800325c   0x00000024   Code   RO         2639    i.wiz_cs            w5500_conf.o
    0x08003280   0x00000068   Code   RO         2640    i.wiz_read_buf      w5500_conf.o
    0x080032e8   0x00000068   Code   RO         2641    i.wiz_write_buf     w5500_conf.o
    0x08003350   0x0000001c   Code   RO         2642    i.write_config_to_eeprom  w5500_conf.o
    0x0800336c   0x00000020   Data   RO         3750    Region$$Table       anon$$obj.o


    Execution Region RW_IRAM1 (Base: 0x20000000, Size: 0x000012f0, Max: 0x00010000, ABSOLUTE, COMPRESSED[0x00000084])

    Base Addr    Size         Type   Attr      Idx    E Section Name        Object

    0x20000000   0x00000014   Data   RW          773    .data               stm32f10x_rcc.o
    0x20000014   0x000000e8   Data   RW         1976    .data               main.o
    0x200000fc   0x0000001c   Data   RW         2205    .data               bsp_usart1.o
    0x20000118   0x0000002d   Data   RW         2644    .data               w5500_conf.o
    0x20000145   0x00000010   Data   RW         2793    .data               w5500.o
    0x20000155   0x00000001   PAD
    0x20000156   0x00000004   Data   RW         3037    .data               utility.o
    0x2000015a   0x00000006   Data   RW         3294    .data               function.o
    0x20000160   0x00000004   Data   RW         3722    .data               mc_w.l(stdout.o)
    0x20000164   0x00000910   Zero   RW         1975    .bss                main.o
    0x20000a74   0x00000016   Zero   RW         2204    .bss                bsp_usart1.o
    0x20000a8a   0x0000002e   Zero   RW         2643    .bss                w5500_conf.o
    0x20000ab8   0x00000020   Zero   RW         2792    .bss                w5500.o
    0x20000ad8   0x00000416   Zero   RW         3212    .bss                dhcp.o
    0x20000eee   0x00000002   PAD
    0x20000ef0   0x00000400   Zero   RW            1    STACK               startup_stm32f10x_md.o


==============================================================================

Image component sizes


      Code (inc. data)   RO Data    RW Data    ZI Data      Debug   Object Name

       392         36          0          0          0       2198   adc_acquire.o
       238          0          0          0          0       2203   bsp_i2c_ee.o
       394         32          0          0          0       4252   bsp_i2c_gpio.o
       244         16          0          0          0       1254   bsp_spi_flash.o
       662         78          0         28         22       6886   bsp_usart1.o
         0          0          0          0          0       4508   core_cm3.o
         0          0          0          0       1046       4558   dhcp.o
       328         46          0          6          0       2496   function.o
      2352        256          0        232       2320      13261   main.o
       132         22          0          0          0       1591   misc.o
        48          6          0          0          0        598   read_write_flash.o
      1032         28          0          0          0       4381   socket.o
        36          8        236          0       1024        884   startup_stm32f10x_md.o
       248         32          0          0          0       3195   stm32f10x_exti.o
       286         36          0          0          0       4064   stm32f10x_flash.o
       368          4          0          0          0       4378   stm32f10x_gpio.o
        52          0          0          0          0       4508   stm32f10x_it.o
       340         44          0         20          0       5704   stm32f10x_rcc.o
       112          0          0          0          0       3938   stm32f10x_spi.o
       966        116          0          0          0       6999   stm32f10x_tim.o
       472          6          0          0          0       6955   stm32f10x_usart.o
       328         28          0          0          0     266081   system_stm32f10x.o
        68          4          0          0          0        517   udp_demo.o
       184         16          0          4          0       1869   utility.o
       564         46          0         16         32       8784   w5500.o
      1296        398          0         45         46      12071   w5500_conf.o

    ----------------------------------------------------------------------
     11166       1258        268        352       4492     378133   Object Totals
         0          0         32          0          0          0   (incl. Generated)
        24          0          0          1          2          0   (incl. Padding)

    ----------------------------------------------------------------------

      Code (inc. data)   RO Data    RW Data    ZI Data      Debug   Library Member Name

        86          0          0          0          0          0   __dczerorl2.o
         0          0          0          0          0          0   entry.o
         0          0          0          0          0          0   entry10a.o
         0          0          0          0          0          0   entry11a.o
         8          4          0          0          0          0   entry2.o
         4          0          0          0          0          0   entry5.o
         0          0          0          0          0          0   entry7b.o
         0          0          0          0          0          0   entry8b.o
         8          4          0          0          0          0   entry9a.o
        30          0          0          0          0          0   handlers.o
        36          8          0          0          0         68   init.o
         0          0          0          0          0          0   iusefp.o
        30          0          0          0          0         68   llshl.o
        32          0          0          0          0         68   llushr.o
        36          0          0          0          0         68   memcpya.o
      1154         54          0          0          0        352   printf8.o
         0          0          0          4          0          0   stdout.o
        98          0          0          0          0         92   uldiv.o
        20          0          0          0          0         68   cfrcmple.o
       110          0          0          0          0        168   fepilogue.o
        50          0          0          0          0         68   ffixi.o
        40          0          0          0          0         68   ffixui.o
        18          0          0          0          0         68   fflti.o

    ----------------------------------------------------------------------
      1762         70          0          4          0       1156   Library Totals
         2          0          0          0          0          0   (incl. Padding)

    ----------------------------------------------------------------------

      Code (inc. data)   RO Data    RW Data    ZI Data      Debug   Library Name

      1522         70          0          4          0        716   mc_w.l
       238          0          0          0          0        440   mf_w.l

    ----------------------------------------------------------------------
      1762         70          0          4          0       1156   Library Totals

    ----------------------------------------------------------------------

==============================================================================


      Code (inc. data)   RO Data    RW Data    ZI Data      Debug   

     12928       1328        268        356       4492     372345   Grand Totals
     12928       1328        268        132       4492     372345   ELF Image Totals (compressed)
     12928       1328        268        132          0          0   ROM Totals

==============================================================================

    Total RO  Size (Code + RO Data)                13196 (  12.89kB)
    Total RW  Size (RW Data + ZI Data)              4848 (   4.73kB)
    Total ROM Size (Code + RO Data + RW Data)      13328 (  13.02kB)

==============================================================================

